Archive member included to satisfy reference by file (symbol)

d:/vxl/stm32/stm32cubeide_1.7.0/stm32cubeide/plugins/com.st.stm32cube.ide.mcu.externaltools.gnu-tools-for-stm32.9-2020-q2-update.win32_2.0.0.202105311346/tools/bin/../lib/gcc/arm-none-eabi/9.3.1/../../../../arm-none-eabi/lib/thumb/v7-m/nofp\libc_nano.a(lib_a-errno.o)
                              ./Core/Src/syscalls.o (__errno)
d:/vxl/stm32/stm32cubeide_1.7.0/stm32cubeide/plugins/com.st.stm32cube.ide.mcu.externaltools.gnu-tools-for-stm32.9-2020-q2-update.win32_2.0.0.202105311346/tools/bin/../lib/gcc/arm-none-eabi/9.3.1/../../../../arm-none-eabi/lib/thumb/v7-m/nofp\libc_nano.a(lib_a-exit.o)
                              d:/vxl/stm32/stm32cubeide_1.7.0/stm32cubeide/plugins/com.st.stm32cube.ide.mcu.externaltools.gnu-tools-for-stm32.9-2020-q2-update.win32_2.0.0.202105311346/tools/bin/../lib/gcc/arm-none-eabi/9.3.1/../../../../arm-none-eabi/lib/thumb/v7-m/nofp/crt0.o (exit)
d:/vxl/stm32/stm32cubeide_1.7.0/stm32cubeide/plugins/com.st.stm32cube.ide.mcu.externaltools.gnu-tools-for-stm32.9-2020-q2-update.win32_2.0.0.202105311346/tools/bin/../lib/gcc/arm-none-eabi/9.3.1/../../../../arm-none-eabi/lib/thumb/v7-m/nofp\libc_nano.a(lib_a-impure.o)
                              d:/vxl/stm32/stm32cubeide_1.7.0/stm32cubeide/plugins/com.st.stm32cube.ide.mcu.externaltools.gnu-tools-for-stm32.9-2020-q2-update.win32_2.0.0.202105311346/tools/bin/../lib/gcc/arm-none-eabi/9.3.1/../../../../arm-none-eabi/lib/thumb/v7-m/nofp\libc_nano.a(lib_a-exit.o) (_global_impure_ptr)
d:/vxl/stm32/stm32cubeide_1.7.0/stm32cubeide/plugins/com.st.stm32cube.ide.mcu.externaltools.gnu-tools-for-stm32.9-2020-q2-update.win32_2.0.0.202105311346/tools/bin/../lib/gcc/arm-none-eabi/9.3.1/../../../../arm-none-eabi/lib/thumb/v7-m/nofp\libc_nano.a(lib_a-init.o)
                              d:/vxl/stm32/stm32cubeide_1.7.0/stm32cubeide/plugins/com.st.stm32cube.ide.mcu.externaltools.gnu-tools-for-stm32.9-2020-q2-update.win32_2.0.0.202105311346/tools/bin/../lib/gcc/arm-none-eabi/9.3.1/../../../../arm-none-eabi/lib/thumb/v7-m/nofp/crt0.o (__libc_init_array)
d:/vxl/stm32/stm32cubeide_1.7.0/stm32cubeide/plugins/com.st.stm32cube.ide.mcu.externaltools.gnu-tools-for-stm32.9-2020-q2-update.win32_2.0.0.202105311346/tools/bin/../lib/gcc/arm-none-eabi/9.3.1/../../../../arm-none-eabi/lib/thumb/v7-m/nofp\libc_nano.a(lib_a-memset.o)
                              d:/vxl/stm32/stm32cubeide_1.7.0/stm32cubeide/plugins/com.st.stm32cube.ide.mcu.externaltools.gnu-tools-for-stm32.9-2020-q2-update.win32_2.0.0.202105311346/tools/bin/../lib/gcc/arm-none-eabi/9.3.1/../../../../arm-none-eabi/lib/thumb/v7-m/nofp/crt0.o (memset)
d:/vxl/stm32/stm32cubeide_1.7.0/stm32cubeide/plugins/com.st.stm32cube.ide.mcu.externaltools.gnu-tools-for-stm32.9-2020-q2-update.win32_2.0.0.202105311346/tools/bin/../lib/gcc/arm-none-eabi/9.3.1/../../../../arm-none-eabi/lib/thumb/v7-m/nofp\libc_nano.a(lib_a-snprintf.o)
                              ./Core/Src/fsm_automatic.o (snprintf)
d:/vxl/stm32/stm32cubeide_1.7.0/stm32cubeide/plugins/com.st.stm32cube.ide.mcu.externaltools.gnu-tools-for-stm32.9-2020-q2-update.win32_2.0.0.202105311346/tools/bin/../lib/gcc/arm-none-eabi/9.3.1/../../../../arm-none-eabi/lib/thumb/v7-m/nofp\libc_nano.a(lib_a-strlen.o)
                              ./Core/Src/lcd_i2c.o (strlen)
d:/vxl/stm32/stm32cubeide_1.7.0/stm32cubeide/plugins/com.st.stm32cube.ide.mcu.externaltools.gnu-tools-for-stm32.9-2020-q2-update.win32_2.0.0.202105311346/tools/bin/../lib/gcc/arm-none-eabi/9.3.1/../../../../arm-none-eabi/lib/thumb/v7-m/nofp\libc_nano.a(lib_a-nano-svfprintf.o)
                              d:/vxl/stm32/stm32cubeide_1.7.0/stm32cubeide/plugins/com.st.stm32cube.ide.mcu.externaltools.gnu-tools-for-stm32.9-2020-q2-update.win32_2.0.0.202105311346/tools/bin/../lib/gcc/arm-none-eabi/9.3.1/../../../../arm-none-eabi/lib/thumb/v7-m/nofp\libc_nano.a(lib_a-snprintf.o) (_svfprintf_r)
d:/vxl/stm32/stm32cubeide_1.7.0/stm32cubeide/plugins/com.st.stm32cube.ide.mcu.externaltools.gnu-tools-for-stm32.9-2020-q2-update.win32_2.0.0.202105311346/tools/bin/../lib/gcc/arm-none-eabi/9.3.1/../../../../arm-none-eabi/lib/thumb/v7-m/nofp\libc_nano.a(lib_a-nano-vfprintf_i.o)
                              d:/vxl/stm32/stm32cubeide_1.7.0/stm32cubeide/plugins/com.st.stm32cube.ide.mcu.externaltools.gnu-tools-for-stm32.9-2020-q2-update.win32_2.0.0.202105311346/tools/bin/../lib/gcc/arm-none-eabi/9.3.1/../../../../arm-none-eabi/lib/thumb/v7-m/nofp\libc_nano.a(lib_a-nano-svfprintf.o) (_printf_i)
d:/vxl/stm32/stm32cubeide_1.7.0/stm32cubeide/plugins/com.st.stm32cube.ide.mcu.externaltools.gnu-tools-for-stm32.9-2020-q2-update.win32_2.0.0.202105311346/tools/bin/../lib/gcc/arm-none-eabi/9.3.1/../../../../arm-none-eabi/lib/thumb/v7-m/nofp\libc_nano.a(lib_a-memchr-stub.o)
[...]
Memory Configuration

Name             Origin             Length             Attributes
RAM              0x0000000020000000 0x0000000000005000 xrw
FLASH            0x0000000008000000 0x0000000000020000 xr
*default*        0x0000000000000000 0xffffffffffffffff

Linker script and memory map

LOAD d:/vxl/stm32/stm32cubeide_1.7.0/stm32cubeide/plugins/com.st.stm32cube.ide.mcu.externaltools.gnu-tools-for-stm32.9-2020-q2-update.win32_2.0.0.202105311346/tools/bin/../lib/gcc/arm-none-eabi/9.3.1/thumb/v7-m/nofp/crti.o
LOAD d:/vxl/stm32/stm32cubeide_1.7.0/stm32cubeide/plugins/com.st.stm32cube.ide.mcu.externaltools.gnu-tools-for-stm32.9-2020-q2-update.win32_2.0.0.202105311346/tools/bin/../lib/gcc/arm-none-eabi/9.3.1/thumb/v7-m/nofp/crtbegin.o
LOAD d:/vxl/stm32/stm32cubeide_1.7.0/stm32cubeide/plugins/com.st.stm32cube.ide.mcu.externaltools.gnu-tools-for-stm32.9-2020-q2-update.win32_2.0.0.202105311346/tools/bin/../lib/gcc/arm-none-eabi/9.3.1/../../../../arm-none-eabi/lib/thumb/v7-m/nofp/crt0.o
LOAD ./Core/Src/button.o
LOAD ./Core/Src/fsm_automatic.o
LOAD ./Core/Src/fsm_handle.o
LOAD ./Core/Src/fsm_manual.o
LOAD ./Core/Src/global.o
LOAD ./Core/Src/i2c.o
LOAD ./Core/Src/lcd_i2c.o
LOAD ./Core/Src/main.o
LOAD ./Core/Src/scheduler.o
LOAD ./Core/Src/software_timer.o
LOAD ./Core/Src/stm32f1xx_hal_msp.o
LOAD ./Core/Src/stm32f1xx_it.o
LOAD ./Core/Src/syscalls.o
LOAD ./Core/Src/sysmem.o
LOAD ./Core/Src/system_stm32f1xx.o
LOAD ./Core/Src/task.o
LOAD ./Core/Src/traffic_light.o
LOAD ./Core/Startup/startup_stm32f103rbtx.o
LOAD ./Drivers/STM32F1xx_HAL_Driver/Src/stm32f1xx_hal.o
LOAD ./Drivers/STM32F1xx_HAL_Driver/Src/stm32f1xx_hal_cortex.o
LOAD ./Drivers/STM32F1xx_HAL_Driver/Src/stm32f1xx_hal_dma.o
LOAD ./Drivers/STM32F1xx_HAL_Driver/Src/stm32f1xx_hal_exti.o
LOAD ./Drivers/STM32F1xx_HAL_Driver/Src/stm32f1xx_hal_flash.o
LOAD ./Drivers/STM32F1xx_HAL_Driver/Src/stm32f1xx_hal_flash_ex.o
LOAD ./Drivers/STM32F1xx_HAL_Driver/Src/stm32f1xx_hal_gpio.o
LOAD ./Drivers/STM32F1xx_HAL_Driver/Src/stm32f1xx_hal_gpio_ex.o
LOAD ./Drivers/STM32F1xx_HAL_Driver/Src/stm32f1xx_hal_i2c.o
LOAD ./Drivers/STM32F1xx_HAL_Driver/Src/stm32f1xx_hal_pwr.o
LOAD ./Drivers/STM32F1xx_HAL_Driver/Src/stm32f1xx_hal_rcc.o
LOAD ./Drivers/STM32F1xx_HAL_Driver/Src/stm32f1xx_hal_rcc_ex.o
LOAD ./Drivers/STM32F1xx_HAL_Driver/Src/stm32f1xx_hal_tim.o
LOAD ./Drivers/STM32F1xx_HAL_Driver/Src/stm32f1xx_hal_tim_ex.o
LOAD ./Drivers/STM32F1xx_HAL_Driver/Src/stm32f1xx_hal_uart.o
START GROUP
LOAD d:/vxl/stm32/stm32cubeide_1.7.0/stm32cubeide/plugins/com.st.stm32cube.ide.mcu.externaltools.gnu-tools-for-stm32.9-2020-q2-update.win32_2.0.0.202105311346/tools/bin/../lib/gcc/arm-none-eabi/9.3.1/../../../../arm-none-eabi/lib/thumb/v7-m/nofp\libc_nano.a
LOAD d:/vxl/stm32/stm32cubeide_1.7.0/stm32cubeide/plugins/com.st.stm32cube.ide.mcu.externaltools.gnu-tools-for-stm32.9-2020-q2-update.win32_2.0.0.202105311346/tools/bin/../lib/gcc/arm-none-eabi/9.3.1/../../../../arm-none-eabi/lib/thumb/v7-m/nofp\libm.a
END GROUP
START GROUP
LOAD d:/vxl/stm32/stm32cubeide_1.7.0/stm32cubeide/plugins/com.st.stm32cube.ide.mcu.externaltools.gnu-tools-for-stm32.9-2020-q2-update.win32_2.0.0.202105311346/tools/bin/../lib/gcc/arm-none-eabi/9.3.1/thumb/v7-m/nofp\libgcc.a
LOAD d:/vxl/stm32/stm32cubeide_1.7.0/stm32cubeide/plugins/com.st.stm32cube.ide.mcu.externaltools.gnu-tools-for-stm32.9-2020-q2-update.win32_2.0.0.202105311346/tools/bin/../lib/gcc/arm-none-eabi/9.3.1/../../../../arm-none-eabi/lib/thumb/v7-m/nofp\libc_nano.a
END GROUP
START GROUP
LOAD d:/vxl/stm32/stm32cubeide_1.7.0/stm32cubeide/plugins/com.st.stm32cube.ide.mcu.externaltools.gnu-tools-for-stm32.9-2020-q2-update.win32_2.0.0.202105311346/tools/bin/../lib/gcc/arm-none-eabi/9.3.1/thumb/v7-m/nofp\libgcc.a
LOAD d:/vxl/stm32/stm32cubeide_1.7.0/stm32cubeide/plugins/com.st.stm32cube.ide.mcu.externaltools.gnu-tools-for-stm32.9-2020-q2-update.win32_2.0.0.202105311346/tools/bin/../lib/gcc/arm-none-eabi/9.3.1/../../../../arm-none-eabi/lib/thumb/v7-m/nofp\libc_nano.a
LOAD d:/vxl/stm32/stm32cubeide_1.7.0/stm32cubeide/plugins/com.st.stm32cube.ide.mcu.externaltools.gnu-tools-for-stm32.9-2020-q2-update.win32_2.0.0.202105311346/tools/bin/../lib/gcc/arm-none-eabi/9.3.1/../../../../arm-none-eabi/lib/thumb/v7-m/nofp\libnosys.a
END GROUP
START GROUP
LOAD d:/vxl/stm32/stm32cubeide_1.7.0/stm32cubeide/plugins/com.st.stm32cube.ide.mcu.externaltools.gnu-tools-for-stm32.9-2020-q2-update.win32_2.0.0.202105311346/tools/bin/../lib/gcc/arm-none-eabi/9.3.1/thumb/v7-m/nofp\libgcc.a
LOAD d:/vxl/stm32/stm32cubeide_1.7.0/stm32cubeide/plugins/com.st.stm32cube.ide.mcu.externaltools.gnu-tools-for-stm32.9-2020-q2-update.win32_2.0.0.202105311346/tools/bin/../lib/gcc/arm-none-eabi/9.3.1/../../../../arm-none-eabi/lib/thumb/v7-m/nofp\libc_nano.a
LOAD d:/vxl/stm32/stm32cubeide_1.7.0/stm32cubeide/plugins/com.st.stm32cube.ide.mcu.externaltools.gnu-tools-for-stm32.9-2020-q2-update.win32_2.0.0.202105311346/tools/bin/../lib/gcc/arm-none-eabi/9.3.1/../../../../arm-none-eabi/lib/thumb/v7-m/nofp\libnosys.a
END GROUP
LOAD d:/vxl/stm32/stm32cubeide_1.7.0/stm32cubeide/plugins/com.st.stm32cube.ide.mcu.externaltools.gnu-tools-for-stm32.9-2020-q2-update.win32_2.0.0.202105311346/tools/bin/../lib/gcc/arm-none-eabi/9.3.1/thumb/v7-m/nofp/crtend.o
LOAD d:/vxl/stm32/stm32cubeide_1.7.0/stm32cubeide/plugins/com.st.stm32cube.ide.mcu.externaltools.gnu-tools-for-stm32.9-2020-q2-update.win32_2.0.0.202105311346/tools/bin/../lib/gcc/arm-none-eabi/9.3.1/thumb/v7-m/nofp/crtn.o
                0x0000000020005000                _estack = (ORIGIN (RAM) + LENGTH (RAM))
                0x0000000000000200                _Min_Heap_Size = 0x200
                0x0000000000000400                _Min_Stack_Size = 0x400

.isr_vector     0x0000000008000000      0x10c
                0x0000000008000000                . = ALIGN (0x4)
 *(.isr_vector)
 .isr_vector    0x0000000008000000      0x10c ./Core/Startup/startup_stm32f103rbtx.o
                0x0000000008000000                g_pfnVectors
                0x000000000800010c                . = ALIGN (0x4)

.text           0x000000000800010c     0x47d8
                0x000000000800010c                . = ALIGN (0x4)
 *(.text)
 .text          0x000000000800010c       0x40 d:/vxl/stm32/stm32cubeide_1.7.0/stm32cubeide/plugins/com.st.stm32cube.ide.mcu.externaltools.gnu-tools-for-stm32.9-2020-q2-update.win32_2.0.0.202105311346/tools/bin/../lib/gcc/arm-none-eabi/9.3.1/thumb/v7-m/nofp/crtbegin.o
 .text          0x000000000800014c       0x10 d:/vxl/stm32/stm32cubeide_1.7.0/stm32cubeide/plugins/com.st.stm32cube.ide.mcu.externaltools.gnu-tools-for-stm32.9-2020-q2-update.win32_2.0.0.202105311346/tools/bin/../lib/gcc/arm-none-eabi/9.3.1/../../../../arm-none-eabi/lib/thumb/v7-m/nofp\libc_nano.a(lib_a-strlen.o)
                0x000000000800014c                strlen
 *(.text*)
 .text.subKeyProcess
                0x000000000800015c       0x20 ./Core/Src/button.o
                0x000000000800015c                subKeyProcess
 .text.isButtonPressed
                0x000000000800017c       0x44 ./Core/Src/button.o
                0x000000000800017c                isButtonPressed
 .text.getKeyInput
                0x00000000080001c0      0x128 ./Core/Src/button.o
                0x00000000080001c0                getKeyInput
 .text.fsm_automatic
                0x00000000080002e8      0x208 ./Core/Src/fsm_automatic.o
                0x00000000080002e8                fsm_automatic
 .text.fsm_automatic_run
                0x00000000080004f0       0x74 ./Core/Src/fsm_automatic.o
                0x00000000080004f0                fsm_automatic_run
 .text.displayHandleInfo
                0x0000000008000564      0x124 ./Core/Src/fsm_handle.o
                0x0000000008000564                displayHandleInfo
 .text.handle_apply_final_state
                0x0000000008000688       0x30 ./Core/Src/fsm_handle.o
                0x0000000008000688                handle_apply_final_state
 .text.fsm_handle_run
                0x00000000080006b8      0x158 ./Core/Src/fsm_handle.o
                0x00000000080006b8                fsm_handle_run
 .text.is_valid_combo
                0x0000000008000810       0x28 ./Core/Src/fsm_manual.o
                0x0000000008000810                is_valid_combo
 .text.start_edit_session
                0x0000000008000838       0x48 ./Core/Src/fsm_manual.o
                0x0000000008000838                start_edit_session
 .text.changeMode
                0x0000000008000880       0x3c ./Core/Src/fsm_manual.o
                0x0000000008000880                changeMode
 .text.end_edit_session_and_maybe_commit
                0x00000000080008bc       0x64 ./Core/Src/fsm_manual.o
                0x00000000080008bc                end_edit_session_and_maybe_commit
 .text.displayDuration
                0x0000000008000920       0x94 ./Core/Src/fsm_manual.o
                0x0000000008000920                displayDuration
 .text.fsm_manual_run
                0x00000000080009b4      0x214 ./Core/Src/fsm_manual.o
                0x00000000080009b4                fsm_manual_run
 .text.I2C_init
                0x0000000008000bc8       0x50 ./Core/Src/i2c.o
                0x0000000008000bc8                I2C_init
 .text.SDA_in   0x0000000008000c18       0x30 ./Core/Src/i2c.o
                0x0000000008000c18                SDA_in
 .text.I2C_Delay
                0x0000000008000c48       0x22 ./Core/Src/i2c.o
                0x0000000008000c48                I2C_Delay
 *fill*         0x0000000008000c6a        0x2 
 .text.SDA_out  0x0000000008000c6c       0x30 ./Core/Src/i2c.o
                0x0000000008000c6c                SDA_out
 .text.I2C_Start
                0x0000000008000c9c       0x64 ./Core/Src/i2c.o
                0x0000000008000c9c                I2C_Start
 .text.I2C_STOP
                0x0000000008000d00       0x64 ./Core/Src/i2c.o
                0x0000000008000d00                I2C_STOP
 .text.I2C_CheckAck
                0x0000000008000d64       0x6c ./Core/Src/i2c.o
                0x0000000008000d64                I2C_CheckAck
 .text.I2C_Write
                0x0000000008000dd0       0x8c ./Core/Src/i2c.o
                0x0000000008000dd0                I2C_Write
 .text.PCD8574_write
                0x0000000008000e5c       0x3c ./Core/Src/lcd_i2c.o
                0x0000000008000e5c                PCD8574_write
 .text.LCD_Enable
                0x0000000008000e98       0x6c ./Core/Src/lcd_i2c.o
                0x0000000008000e98                LCD_Enable
 .text.LCD_Send4Bit
                0x0000000008000f04       0x98 ./Core/Src/lcd_i2c.o
                0x0000000008000f04                LCD_Send4Bit
 .text.LCD_Send1Byte
                0x0000000008000f9c       0x2e ./Core/Src/lcd_i2c.o
                0x0000000008000f9c                LCD_Send1Byte
 *fill*         0x0000000008000fca        0x2 
 .text.lcd_gotoxy
                0x0000000008000fcc       0x50 ./Core/Src/lcd_i2c.o
                0x0000000008000fcc                lcd_gotoxy
 .text.lcd_write_string
                0x000000000800101c       0x60 ./Core/Src/lcd_i2c.o
                0x000000000800101c                lcd_write_string
 .text.lcd_clear
                0x000000000800107c       0x4c ./Core/Src/lcd_i2c.o
                0x000000000800107c                lcd_clear
 .text.lcd_init
                0x00000000080010c8       0x80 ./Core/Src/lcd_i2c.o
                0x00000000080010c8                lcd_init
 .text.lcd_center_text
                0x0000000008001148       0x4a ./Core/Src/lcd_i2c.o
                0x0000000008001148                lcd_center_text
 .text.lcd_center_text1
                0x0000000008001192       0x4a ./Core/Src/lcd_i2c.o
                0x0000000008001192                lcd_center_text1
 .text.I2C_Find_Address
                0x00000000080011dc       0x44 ./Core/Src/main.o
                0x00000000080011dc                I2C_Find_Address
 .text.main     0x0000000008001220       0xc0 ./Core/Src/main.o
                0x0000000008001220                main
 .text.SystemClock_Config
                0x00000000080012e0       0x82 ./Core/Src/main.o
                0x00000000080012e0                SystemClock_Config
 *fill*         0x0000000008001362        0x2 
 .text.MX_I2C1_Init
                0x0000000008001364       0x5c ./Core/Src/main.o
 .text.MX_TIM2_Init
                0x00000000080013c0       0x98 ./Core/Src/main.o
 .text.MX_USART2_UART_Init
                0x0000000008001458       0x54 ./Core/Src/main.o
 .text.MX_GPIO_Init
                0x00000000080014ac      0x164 ./Core/Src/main.o
 .text.HAL_TIM_PeriodElapsedCallback
                0x0000000008001610       0x14 ./Core/Src/main.o
                0x0000000008001610                HAL_TIM_PeriodElapsedCallback
 .text.Error_Handler
                0x0000000008001624        0xa ./Core/Src/main.o
                0x0000000008001624                Error_Handler
 *fill*         0x000000000800162e        0x2 
 .text.SCH_Add_Task
                0x0000000008001630       0xc4 ./Core/Src/scheduler.o
                0x0000000008001630                SCH_Add_Task
 .text.SCH_Update
                0x00000000080016f4       0x24 ./Core/Src/scheduler.o
                0x00000000080016f4                SCH_Update
 .text.runMe    0x0000000008001718       0x30 ./Core/Src/scheduler.o
                0x0000000008001718                runMe
 .text.SCH_Dispatch_Tasks
                0x0000000008001748       0xc0 ./Core/Src/scheduler.o
                0x0000000008001748                SCH_Dispatch_Tasks
 .text.SCH_Delete_Task
                0x0000000008001808       0x7c ./Core/Src/scheduler.o
                0x0000000008001808                SCH_Delete_Task
 .text.setTimer
                0x0000000008001884       0x40 ./Core/Src/software_timer.o
                0x0000000008001884                setTimer
 .text.timerRun
                0x00000000080018c4       0xb4 ./Core/Src/software_timer.o
                0x00000000080018c4                timerRun
 .text.HAL_MspInit
                0x0000000008001978       0x64 ./Core/Src/stm32f1xx_hal_msp.o
                0x0000000008001978                HAL_MspInit
 .text.HAL_I2C_MspInit
                0x00000000080019dc       0xa0 ./Core/Src/stm32f1xx_hal_msp.o
                0x00000000080019dc                HAL_I2C_MspInit
 .text.HAL_I2C_MspDeInit
                0x0000000008001a7c       0x48 ./Core/Src/stm32f1xx_hal_msp.o
                0x0000000008001a7c                HAL_I2C_MspDeInit
 .text.HAL_TIM_Base_MspInit
                0x0000000008001ac4       0x48 ./Core/Src/stm32f1xx_hal_msp.o
                0x0000000008001ac4                HAL_TIM_Base_MspInit
 .text.HAL_UART_MspInit
                0x0000000008001b0c       0x7c ./Core/Src/stm32f1xx_hal_msp.o
                0x0000000008001b0c                HAL_UART_MspInit
 .text.NMI_Handler
                0x0000000008001b88        0x6 ./Core/Src/stm32f1xx_it.o
                0x0000000008001b88                NMI_Handler
 .text.HardFault_Handler
                0x0000000008001b8e        0x6 ./Core/Src/stm32f1xx_it.o
                0x0000000008001b8e                HardFault_Handler
 .text.MemManage_Handler
                0x0000000008001b94        0x6 ./Core/Src/stm32f1xx_it.o
                0x0000000008001b94                MemManage_Handler
 .text.BusFault_Handler
                0x0000000008001b9a        0x6 ./Core/Src/stm32f1xx_it.o
                0x0000000008001b9a                BusFault_Handler
 .text.UsageFault_Handler
                0x0000000008001ba0        0x6 ./Core/Src/stm32f1xx_it.o
                0x0000000008001ba0                UsageFault_Handler
 .text.SVC_Handler
                0x0000000008001ba6        0xc ./Core/Src/stm32f1xx_it.o
                0x0000000008001ba6                SVC_Handler
 .text.DebugMon_Handler
                0x0000000008001bb2        0xc ./Core/Src/stm32f1xx_it.o
                0x0000000008001bb2                DebugMon_Handler
 .text.PendSV_Handler
                0x0000000008001bbe        0xc ./Core/Src/stm32f1xx_it.o
                0x0000000008001bbe                PendSV_Handler
 .text.SysTick_Handler
                0x0000000008001bca        0xc ./Core/Src/stm32f1xx_it.o
                0x0000000008001bca                SysTick_Handler
 *fill*         0x0000000008001bd6        0x2 
 .text.TIM2_IRQHandler
                0x0000000008001bd8       0x14 ./Core/Src/stm32f1xx_it.o
                0x0000000008001bd8                TIM2_IRQHandler
 .text.EXTI15_10_IRQHandler
                0x0000000008001bec       0x10 ./Core/Src/stm32f1xx_it.o
                0x0000000008001bec                EXTI15_10_IRQHandler
 .text._sbrk    0x0000000008001bfc       0x6c ./Core/Src/sysmem.o
                0x0000000008001bfc                _sbrk
 .text.SystemInit
                0x0000000008001c68        0xc ./Core/Src/system_stm32f1xx.o
                0x0000000008001c68                SystemInit
 .text.TASK_LED_BLINK
                0x0000000008001c74       0x14 ./Core/Src/task.o
                0x0000000008001c74                TASK_LED_BLINK
 .text.TASK_ScanButtons
                0x0000000008001c88       0x28 ./Core/Src/task.o
                0x0000000008001c88                TASK_ScanButtons
 .text.TASK_SoftwareTimer
                0x0000000008001cb0        0xc ./Core/Src/task.o
                0x0000000008001cb0                TASK_SoftwareTimer
 .text.TASK_FSM
                0x0000000008001cbc       0x14 ./Core/Src/task.o
                0x0000000008001cbc                TASK_FSM
 .text.TrafficLight1Control
                0x0000000008001cd0       0x8c ./Core/Src/traffic_light.o
                0x0000000008001cd0                TrafficLight1Control
 .text.TrafficLight2Control
                0x0000000008001d5c       0x98 ./Core/Src/traffic_light.o
                0x0000000008001d5c                TrafficLight2Control
 .text.TrafficBlink
                0x0000000008001df4       0xf4 ./Core/Src/traffic_light.o
                0x0000000008001df4                TrafficBlink
 .text.setTrafficLight
                0x0000000008001ee8       0x26 ./Core/Src/traffic_light.o
                0x0000000008001ee8                setTrafficLight
 *fill*         0x0000000008001f0e        0x2 
 .text.Reset_Handler
                0x0000000008001f10       0x48 ./Core/Startup/startup_stm32f103rbtx.o
                0x0000000008001f10                Reset_Handler
 .text.Default_Handler
                0x0000000008001f58        0x2 ./Core/Startup/startup_stm32f103rbtx.o
                0x0000000008001f58                RTC_Alarm_IRQHandler
                0x0000000008001f58                EXTI2_IRQHandler
                0x0000000008001f58                TIM1_CC_IRQHandler
                0x0000000008001f58                PVD_IRQHandler
                0x0000000008001f58                EXTI3_IRQHandler
                0x0000000008001f58                EXTI0_IRQHandler
                0x0000000008001f58                I2C2_EV_IRQHandler
                0x0000000008001f58                ADC1_2_IRQHandler
                0x0000000008001f58                SPI1_IRQHandler
                0x0000000008001f58                TAMPER_IRQHandler
                0x0000000008001f58                DMA1_Channel4_IRQHandler
                0x0000000008001f58                USART3_IRQHandler
                0x0000000008001f58                RTC_IRQHandler
                0x0000000008001f58                DMA1_Channel7_IRQHandler
                0x0000000008001f58                CAN1_RX1_IRQHandler
                0x0000000008001f58                TIM4_IRQHandler
                0x0000000008001f58                I2C1_EV_IRQHandler
                0x0000000008001f58                DMA1_Channel6_IRQHandler
                0x0000000008001f58                TIM3_IRQHandler
                0x0000000008001f58                RCC_IRQHandler
                0x0000000008001f58                TIM1_TRG_COM_IRQHandler
                0x0000000008001f58                DMA1_Channel1_IRQHandler
                0x0000000008001f58                Default_Handler
                0x0000000008001f58                EXTI9_5_IRQHandler
                0x0000000008001f58                SPI2_IRQHandler
                0x0000000008001f58                DMA1_Channel5_IRQHandler
                0x0000000008001f58                EXTI4_IRQHandler
                0x0000000008001f58                USB_LP_CAN1_RX0_IRQHandler
                0x0000000008001f58                USB_HP_CAN1_TX_IRQHandler
                0x0000000008001f58                DMA1_Channel3_IRQHandler
                0x0000000008001f58                TIM1_UP_IRQHandler
                0x0000000008001f58                WWDG_IRQHandler
                0x0000000008001f58                TIM1_BRK_IRQHandler
                0x0000000008001f58                EXTI1_IRQHandler
                0x0000000008001f58                USART2_IRQHandler
                0x0000000008001f58                I2C2_ER_IRQHandler
                0x0000000008001f58                DMA1_Channel2_IRQHandler
                0x0000000008001f58                CAN1_SCE_IRQHandler
                0x0000000008001f58                FLASH_IRQHandler
                0x0000000008001f58                USART1_IRQHandler
                0x0000000008001f58                I2C1_ER_IRQHandler
                0x0000000008001f58                USBWakeUp_IRQHandler
 *fill*         0x0000000008001f5a        0x2 
 .text.HAL_Init
                0x0000000008001f5c       0x2c ./Drivers/STM32F1xx_HAL_Driver/Src/stm32f1xx_hal.o
                0x0000000008001f5c                HAL_Init
 .text.HAL_InitTick
                0x0000000008001f88       0x60 ./Drivers/STM32F1xx_HAL_Driver/Src/stm32f1xx_hal.o
                0x0000000008001f88                HAL_InitTick
 .text.HAL_IncTick
                0x0000000008001fe8       0x24 ./Drivers/STM32F1xx_HAL_Driver/Src/stm32f1xx_hal.o
                0x0000000008001fe8                HAL_IncTick
 .text.HAL_GetTick
                0x000000000800200c       0x14 ./Drivers/STM32F1xx_HAL_Driver/Src/stm32f1xx_hal.o
                0x000000000800200c                HAL_GetTick
 .text.HAL_Delay
                0x0000000008002020       0x48 ./Drivers/STM32F1xx_HAL_Driver/Src/stm32f1xx_hal.o
                0x0000000008002020                HAL_Delay
 .text.__NVIC_SetPriorityGrouping
                0x0000000008002068       0x48 ./Drivers/STM32F1xx_HAL_Driver/Src/stm32f1xx_hal_cortex.o
 .text.__NVIC_GetPriorityGrouping
                0x00000000080020b0       0x1c ./Drivers/STM32F1xx_HAL_Driver/Src/stm32f1xx_hal_cortex.o
 .text.__NVIC_EnableIRQ
                0x00000000080020cc       0x38 ./Drivers/STM32F1xx_HAL_Driver/Src/stm32f1xx_hal_cortex.o
 .text.__NVIC_SetPriority
                0x0000000008002104       0x54 ./Drivers/STM32F1xx_HAL_Driver/Src/stm32f1xx_hal_cortex.o
 .text.NVIC_EncodePriority
                0x0000000008002158       0x64 ./Drivers/STM32F1xx_HAL_Driver/Src/stm32f1xx_hal_cortex.o
 .text.SysTick_Config
                0x00000000080021bc       0x44 ./Drivers/STM32F1xx_HAL_Driver/Src/stm32f1xx_hal_cortex.o
 .text.HAL_NVIC_SetPriorityGrouping
                0x0000000008002200       0x16 ./Drivers/STM32F1xx_HAL_Driver/Src/stm32f1xx_hal_cortex.o
                0x0000000008002200                HAL_NVIC_SetPriorityGrouping
 .text.HAL_NVIC_SetPriority
                0x0000000008002216       0x38 ./Drivers/STM32F1xx_HAL_Driver/Src/stm32f1xx_hal_cortex.o
                0x0000000008002216                HAL_NVIC_SetPriority
 .text.HAL_NVIC_EnableIRQ
                0x000000000800224e       0x1c ./Drivers/STM32F1xx_HAL_Driver/Src/stm32f1xx_hal_cortex.o
                0x000000000800224e                HAL_NVIC_EnableIRQ
 .text.HAL_SYSTICK_Config
                0x000000000800226a       0x18 ./Drivers/STM32F1xx_HAL_Driver/Src/stm32f1xx_hal_cortex.o
                0x000000000800226a                HAL_SYSTICK_Config
 *fill*         0x0000000008002282        0x2 
 .text.HAL_GPIO_Init
                0x0000000008002284      0x308 ./Drivers/STM32F1xx_HAL_Driver/Src/stm32f1xx_hal_gpio.o
                0x0000000008002284                HAL_GPIO_Init
 .text.HAL_GPIO_DeInit
                0x000000000800258c      0x178 ./Drivers/STM32F1xx_HAL_Driver/Src/stm32f1xx_hal_gpio.o
                0x000000000800258c                HAL_GPIO_DeInit
 .text.HAL_GPIO_ReadPin
                0x0000000008002704       0x2e ./Drivers/STM32F1xx_HAL_Driver/Src/stm32f1xx_hal_gpio.o
                0x0000000008002704                HAL_GPIO_ReadPin
 .text.HAL_GPIO_WritePin
                0x0000000008002732       0x30 ./Drivers/STM32F1xx_HAL_Driver/Src/stm32f1xx_hal_gpio.o
                0x0000000008002732                HAL_GPIO_WritePin
 .text.HAL_GPIO_TogglePin
                0x0000000008002762       0x32 ./Drivers/STM32F1xx_HAL_Driver/Src/stm32f1xx_hal_gpio.o
                0x0000000008002762                HAL_GPIO_TogglePin
 .text.HAL_GPIO_EXTI_IRQHandler
                0x0000000008002794       0x30 ./Drivers/STM32F1xx_HAL_Driver/Src/stm32f1xx_hal_gpio.o
                0x0000000008002794                HAL_GPIO_EXTI_IRQHandler
 .text.HAL_GPIO_EXTI_Callback
                0x00000000080027c4       0x14 ./Drivers/STM32F1xx_HAL_Driver/Src/stm32f1xx_hal_gpio.o
                0x00000000080027c4                HAL_GPIO_EXTI_Callback
 .text.HAL_I2C_Init
                0x00000000080027d8      0x288 ./Drivers/STM32F1xx_HAL_Driver/Src/stm32f1xx_hal_i2c.o
                0x00000000080027d8                HAL_I2C_Init
 .text.HAL_I2C_DeInit
                0x0000000008002a60       0x5e ./Drivers/STM32F1xx_HAL_Driver/Src/stm32f1xx_hal_i2c.o
                0x0000000008002a60                HAL_I2C_DeInit
 *fill*         0x0000000008002abe        0x2 
 .text.HAL_I2C_IsDeviceReady
                0x0000000008002ac0      0x25c ./Drivers/STM32F1xx_HAL_Driver/Src/stm32f1xx_hal_i2c.o
                0x0000000008002ac0                HAL_I2C_IsDeviceReady
 .text.I2C_WaitOnFlagUntilTimeout
                0x0000000008002d1c       0xf4 ./Drivers/STM32F1xx_HAL_Driver/Src/stm32f1xx_hal_i2c.o
 .text.HAL_RCC_OscConfig
                0x0000000008002e10      0x500 ./Drivers/STM32F1xx_HAL_Driver/Src/stm32f1xx_hal_rcc.o
                0x0000000008002e10                HAL_RCC_OscConfig
 .text.HAL_RCC_ClockConfig
                0x0000000008003310      0x1d4 ./Drivers/STM32F1xx_HAL_Driver/Src/stm32f1xx_hal_rcc.o
                0x0000000008003310                HAL_RCC_ClockConfig
 .text.HAL_RCC_GetSysClockFreq
                0x00000000080034e4       0xa8 ./Drivers/STM32F1xx_HAL_Driver/Src/stm32f1xx_hal_rcc.o
                0x00000000080034e4                HAL_RCC_GetSysClockFreq
 .text.HAL_RCC_GetHCLKFreq
                0x000000000800358c       0x14 ./Drivers/STM32F1xx_HAL_Driver/Src/stm32f1xx_hal_rcc.o
                0x000000000800358c                HAL_RCC_GetHCLKFreq
 .text.HAL_RCC_GetPCLK1Freq
                0x00000000080035a0       0x28 ./Drivers/STM32F1xx_HAL_Driver/Src/stm32f1xx_hal_rcc.o
                0x00000000080035a0                HAL_RCC_GetPCLK1Freq
 .text.HAL_RCC_GetPCLK2Freq
                0x00000000080035c8       0x28 ./Drivers/STM32F1xx_HAL_Driver/Src/stm32f1xx_hal_rcc.o
                0x00000000080035c8                HAL_RCC_GetPCLK2Freq
 .text.RCC_Delay
                0x00000000080035f0       0x3c ./Drivers/STM32F1xx_HAL_Driver/Src/stm32f1xx_hal_rcc.o
 .text.HAL_TIM_Base_Init
                0x000000000800362c       0x9e ./Drivers/STM32F1xx_HAL_Driver/Src/stm32f1xx_hal_tim.o
                0x000000000800362c                HAL_TIM_Base_Init
 *fill*         0x00000000080036ca        0x2 
 .text.HAL_TIM_Base_Start_IT
                0x00000000080036cc       0xa4 ./Drivers/STM32F1xx_HAL_Driver/Src/stm32f1xx_hal_tim.o
                0x00000000080036cc                HAL_TIM_Base_Start_IT
 .text.HAL_TIM_IRQHandler
                0x0000000008003770      0x1e0 ./Drivers/STM32F1xx_HAL_Driver/Src/stm32f1xx_hal_tim.o
                0x0000000008003770                HAL_TIM_IRQHandler
 .text.HAL_TIM_ConfigClockSource
                0x0000000008003950      0x18e ./Drivers/STM32F1xx_HAL_Driver/Src/stm32f1xx_hal_tim.o
                0x0000000008003950                HAL_TIM_ConfigClockSource
 .text.HAL_TIM_OC_DelayElapsedCallback
                0x0000000008003ade       0x12 ./Drivers/STM32F1xx_HAL_Driver/Src/stm32f1xx_hal_tim.o
                0x0000000008003ade                HAL_TIM_OC_DelayElapsedCallback
 .text.HAL_TIM_IC_CaptureCallback
                0x0000000008003af0       0x12 ./Drivers/STM32F1xx_HAL_Driver/Src/stm32f1xx_hal_tim.o
                0x0000000008003af0                HAL_TIM_IC_CaptureCallback
 .text.HAL_TIM_PWM_PulseFinishedCallback
                0x0000000008003b02       0x12 ./Drivers/STM32F1xx_HAL_Driver/Src/stm32f1xx_hal_tim.o
                0x0000000008003b02                HAL_TIM_PWM_PulseFinishedCallback
 .text.HAL_TIM_TriggerCallback
                0x0000000008003b14       0x12 ./Drivers/STM32F1xx_HAL_Driver/Src/stm32f1xx_hal_tim.o
                0x0000000008003b14                HAL_TIM_TriggerCallback
 *fill*         0x0000000008003b26        0x2 
 .text.TIM_Base_SetConfig
                0x0000000008003b28       0xdc ./Drivers/STM32F1xx_HAL_Driver/Src/stm32f1xx_hal_tim.o
                0x0000000008003b28                TIM_Base_SetConfig
 .text.TIM_TI1_ConfigInputStage
                0x0000000008003c04       0x5c ./Drivers/STM32F1xx_HAL_Driver/Src/stm32f1xx_hal_tim.o
 .text.TIM_TI2_ConfigInputStage
                0x0000000008003c60       0x5e ./Drivers/STM32F1xx_HAL_Driver/Src/stm32f1xx_hal_tim.o
 .text.TIM_ITRx_SetConfig
                0x0000000008003cbe       0x34 ./Drivers/STM32F1xx_HAL_Driver/Src/stm32f1xx_hal_tim.o
 .text.TIM_ETR_SetConfig
                0x0000000008003cf2       0x3e ./Drivers/STM32F1xx_HAL_Driver/Src/stm32f1xx_hal_tim.o
                0x0000000008003cf2                TIM_ETR_SetConfig
 .text.HAL_TIMEx_MasterConfigSynchronization
                0x0000000008003d30       0xbc ./Drivers/STM32F1xx_HAL_Driver/Src/stm32f1xx_hal_tim_ex.o
                0x0000000008003d30                HAL_TIMEx_MasterConfigSynchronization
 .text.HAL_TIMEx_CommutCallback
                0x0000000008003dec       0x12 ./Drivers/STM32F1xx_HAL_Driver/Src/stm32f1xx_hal_tim_ex.o
                0x0000000008003dec                HAL_TIMEx_CommutCallback
 .text.HAL_TIMEx_BreakCallback
                0x0000000008003dfe       0x12 ./Drivers/STM32F1xx_HAL_Driver/Src/stm32f1xx_hal_tim_ex.o
                0x0000000008003dfe                HAL_TIMEx_BreakCallback
 .text.HAL_UART_Init
                0x0000000008003e10       0xa0 ./Drivers/STM32F1xx_HAL_Driver/Src/stm32f1xx_hal_uart.o
                0x0000000008003e10                HAL_UART_Init
 .text.UART_SetConfig
                0x0000000008003eb0      0x11c ./Drivers/STM32F1xx_HAL_Driver/Src/stm32f1xx_hal_uart.o
 .text.__errno  0x0000000008003fcc        0xc d:/vxl/stm32/stm32cubeide_1.7.0/stm32cubeide/plugins/com.st.stm32cube.ide.mcu.externaltools.gnu-tools-for-stm32.9-2020-q2-update.win32_2.0.0.202105311346/tools/bin/../lib/gcc/arm-none-eabi/9.3.1/../../../../arm-none-eabi/lib/thumb/v7-m/nofp\libc_nano.a(lib_a-errno.o)
                0x0000000008003fcc                __errno
 .text.__libc_init_array
                0x0000000008003fd8       0x48 d:/vxl/stm32/stm32cubeide_1.7.0/stm32cubeide/plugins/com.st.stm32cube.ide.mcu.externaltools.gnu-tools-for-stm32.9-2020-q2-update.win32_2.0.0.202105311346/tools/bin/../lib/gcc/arm-none-eabi/9.3.1/../../../../arm-none-eabi/lib/thumb/v7-m/nofp\libc_nano.a(lib_a-init.o)
                0x0000000008003fd8                __libc_init_array
 .text.memset   0x0000000008004020       0x10 d:/vxl/stm32/stm32cubeide_1.7.0/stm32cubeide/plugins/com.st.stm32cube.ide.mcu.externaltools.gnu-tools-for-stm32.9-2020-q2-update.win32_2.0.0.202105311346/tools/bin/../lib/gcc/arm-none-eabi/9.3.1/../../../../arm-none-eabi/lib/thumb/v7-m/nofp\libc_nano.a(lib_a-memset.o)
                0x0000000008004020                memset
 .text.snprintf
                0x0000000008004030       0x68 d:/vxl/stm32/stm32cubeide_1.7.0/stm32cubeide/plugins/com.st.stm32cube.ide.mcu.externaltools.gnu-tools-for-stm32.9-2020-q2-update.win32_2.0.0.202105311346/tools/bin/../lib/gcc/arm-none-eabi/9.3.1/../../../../arm-none-eabi/lib/thumb/v7-m/nofp\libc_nano.a(lib_a-snprintf.o)
                0x0000000008004030                sniprintf
                0x0000000008004030                snprintf
 .text.__ssputs_r
                0x0000000008004098       0xb6 d:/vxl/stm32/stm32cubeide_1.7.0/stm32cubeide/plugins/com.st.stm32cube.ide.mcu.externaltools.gnu-tools-for-stm32.9-2020-q2-update.win32_2.0.0.202105311346/tools/bin/../lib/gcc/arm-none-eabi/9.3.1/../../../../arm-none-eabi/lib/thumb/v7-m/nofp\libc_nano.a(lib_a-nano-svfprintf.o)
                0x0000000008004098                __ssputs_r
 *fill*         0x000000000800414e        0x2 
 .text._svfprintf_r
                0x0000000008004150      0x200 d:/vxl/stm32/stm32cubeide_1.7.0/stm32cubeide/plugins/com.st.stm32cube.ide.mcu.externaltools.gnu-tools-for-stm32.9-2020-q2-update.win32_2.0.0.202105311346/tools/bin/../lib/gcc/arm-none-eabi/9.3.1/../../../../arm-none-eabi/lib/thumb/v7-m/nofp\libc_nano.a(lib_a-nano-svfprintf.o)
                0x0000000008004150                _svfiprintf_r
                0x0000000008004150                _svfprintf_r
 .text._printf_common
                0x0000000008004350       0xde d:/vxl/stm32/stm32cubeide_1.7.0/stm32cubeide/plugins/com.st.stm32cube.ide.mcu.externaltools.gnu-tools-for-stm32.9-2020-q2-update.win32_2.0.0.202105311346/tools/bin/../lib/gcc/arm-none-eabi/9.3.1/../../../../arm-none-eabi/lib/thumb/v7-m/nofp\libc_nano.a(lib_a-nano-vfprintf_i.o)
                0x0000000008004350                _printf_common
 *fill*         0x000000000800442e        0x2 
 .text._printf_i
                0x0000000008004430      0x24c d:/vxl/stm32/stm32cubeide_1.7.0/stm32cubeide/plugins/com.st.stm32cube.ide.mcu.externaltools.gnu-tools-for-stm32.9-2020-q2-update.win32_2.0.0.202105311346/tools/bin/../lib/gcc/arm-none-eabi/9.3.1/../../../../arm-none-eabi/lib/thumb/v7-m/nofp\libc_nano.a(lib_a-nano-vfprintf_i.o)
                0x0000000008004430                _printf_i
 .text.memchr   0x000000000800467c       0x1c d:/vxl/stm32/stm32cubeide_1.7.0/stm32cubeide/plugins/com.st.stm32cube.ide.mcu.externaltools.gnu-tools-for-stm32.9-2020-q2-update.win32_2.0.0.202105311346/tools/bin/../lib/gcc/arm-none-eabi/9.3.1/../../../../arm-none-eabi/lib/thumb/v7-m/nofp\libc_nano.a(lib_a-memchr-stub.o)
                0x000000000800467c                memchr
 .text.memcpy   0x0000000008004698       0x1c d:/vxl/stm32/stm32cubeide_1.7.0/stm32cubeide/plugins/com.st.stm32cube.ide.mcu.externaltools.gnu-tools-for-stm32.9-2020-q2-update.win32_2.0.0.202105311346/tools/bin/../lib/gcc/arm-none-eabi/9.3.1/../../../../arm-none-eabi/lib/thumb/v7-m/nofp\libc_nano.a(lib_a-memcpy-stub.o)
                0x0000000008004698                memcpy
 .text.memmove  0x00000000080046b4       0x34 d:/vxl/stm32/stm32cubeide_1.7.0/stm32cubeide/plugins/com.st.stm32cube.ide.mcu.externaltools.gnu-tools-for-stm32.9-2020-q2-update.win32_2.0.0.202105311346/tools/bin/../lib/gcc/arm-none-eabi/9.3.1/../../../../arm-none-eabi/lib/thumb/v7-m/nofp\libc_nano.a(lib_a-memmove.o)
                0x00000000080046b4                memmove
 .text._free_r  0x00000000080046e8       0x98 d:/vxl/stm32/stm32cubeide_1.7.0/stm32cubeide/plugins/com.st.stm32cube.ide.mcu.externaltools.gnu-tools-for-stm32.9-2020-q2-update.win32_2.0.0.202105311346/tools/bin/../lib/gcc/arm-none-eabi/9.3.1/../../../../arm-none-eabi/lib/thumb/v7-m/nofp\libc_nano.a(lib_a-nano-freer.o)
                0x00000000080046e8                _free_r
 .text._malloc_r
                0x0000000008004780       0xb4 d:/vxl/stm32/stm32cubeide_1.7.0/stm32cubeide/plugins/com.st.stm32cube.ide.mcu.externaltools.gnu-tools-for-stm32.9-2020-q2-update.win32_2.0.0.202105311346/tools/bin/../lib/gcc/arm-none-eabi/9.3.1/../../../../arm-none-eabi/lib/thumb/v7-m/nofp\libc_nano.a(lib_a-nano-mallocr.o)
                0x0000000008004780                _malloc_r
 .text._realloc_r
                0x0000000008004834       0x4c d:/vxl/stm32/stm32cubeide_1.7.0/stm32cubeide/plugins/com.st.stm32cube.ide.mcu.externaltools.gnu-tools-for-stm32.9-2020-q2-update.win32_2.0.0.202105311346/tools/bin/../lib/gcc/arm-none-eabi/9.3.1/../../../../arm-none-eabi/lib/thumb/v7-m/nofp\libc_nano.a(lib_a-nano-reallocr.o)
                0x0000000008004834                _realloc_r
 .text._sbrk_r  0x0000000008004880       0x20 d:/vxl/stm32/stm32cubeide_1.7.0/stm32cubeide/plugins/com.st.stm32cube.ide.mcu.externaltools.gnu-tools-for-stm32.9-2020-q2-update.win32_2.0.0.202105311346/tools/bin/../lib/gcc/arm-none-eabi/9.3.1/../../../../arm-none-eabi/lib/thumb/v7-m/nofp\libc_nano.a(lib_a-sbrkr.o)
                0x0000000008004880                _sbrk_r
 .text.__malloc_lock
                0x00000000080048a0        0xc d:/vxl/stm32/stm32cubeide_1.7.0/stm32cubeide/plugins/com.st.stm32cube.ide.mcu.externaltools.gnu-tools-for-stm32.9-2020-q2-update.win32_2.0.0.202105311346/tools/bin/../lib/gcc/arm-none-eabi/9.3.1/../../../../arm-none-eabi/lib/thumb/v7-m/nofp\libc_nano.a(lib_a-mlock.o)
                0x00000000080048a0                __malloc_lock
 .text.__malloc_unlock
                0x00000000080048ac        0xc d:/vxl/stm32/stm32cubeide_1.7.0/stm32cubeide/plugins/com.st.stm32cube.ide.mcu.externaltools.gnu-tools-for-stm32.9-2020-q2-update.win32_2.0.0.202105311346/tools/bin/../lib/gcc/arm-none-eabi/9.3.1/../../../../arm-none-eabi/lib/thumb/v7-m/nofp\libc_nano.a(lib_a-mlock.o)
                0x00000000080048ac                __malloc_unlock
 .text._malloc_usable_size_r
                0x00000000080048b8       0x10 d:/vxl/stm32/stm32cubeide_1.7.0/stm32cubeide/plugins/com.st.stm32cube.ide.mcu.externaltools.gnu-tools-for-stm32.9-2020-q2-update.win32_2.0.0.202105311346/tools/bin/../lib/gcc/arm-none-eabi/9.3.1/../../../../arm-none-eabi/lib/thumb/v7-m/nofp\libc_nano.a(lib_a-nano-msizer.o)
                0x00000000080048b8                _malloc_usable_size_r
 .text.__retarget_lock_acquire_recursive
                0x00000000080048c8        0x2 d:/vxl/stm32/stm32cubeide_1.7.0/stm32cubeide/plugins/com.st.stm32cube.ide.mcu.externaltools.gnu-tools-for-stm32.9-2020-q2-update.win32_2.0.0.202105311346/tools/bin/../lib/gcc/arm-none-eabi/9.3.1/../../../../arm-none-eabi/lib/thumb/v7-m/nofp\libc_nano.a(lib_a-lock.o)
                0x00000000080048c8                __retarget_lock_acquire_recursive
 .text.__retarget_lock_release_recursive
                0x00000000080048ca        0x2 d:/vxl/stm32/stm32cubeide_1.7.0/stm32cubeide/plugins/com.st.stm32cube.ide.mcu.externaltools.gnu-tools-for-stm32.9-2020-q2-update.win32_2.0.0.202105311346/tools/bin/../lib/gcc/arm-none-eabi/9.3.1/../../../../arm-none-eabi/lib/thumb/v7-m/nofp\libc_nano.a(lib_a-lock.o)
                0x00000000080048ca                __retarget_lock_release_recursive
 *(.glue_7)
 .glue_7        0x00000000080048cc        0x0 linker stubs
 *(.glue_7t)
 .glue_7t       0x00000000080048cc        0x0 linker stubs
 *(.eh_frame)
 .eh_frame      0x00000000080048cc        0x0 d:/vxl/stm32/stm32cubeide_1.7.0/stm32cubeide/plugins/com.st.stm32cube.ide.mcu.externaltools.gnu-tools-for-stm32.9-2020-q2-update.win32_2.0.0.202105311346/tools/bin/../lib/gcc/arm-none-eabi/9.3.1/thumb/v7-m/nofp/crtbegin.o
 *(.init)
 .init          0x00000000080048cc        0x4 d:/vxl/stm32/stm32cubeide_1.7.0/stm32cubeide/plugins/com.st.stm32cube.ide.mcu.externaltools.gnu-tools-for-stm32.9-2020-q2-update.win32_2.0.0.202105311346/tools/bin/../lib/gcc/arm-none-eabi/9.3.1/thumb/v7-m/nofp/crti.o
                0x00000000080048cc                _init
 .init          0x00000000080048d0        0x8 d:/vxl/stm32/stm32cubeide_1.7.0/stm32cubeide/plugins/com.st.stm32cube.ide.mcu.externaltools.gnu-tools-for-stm32.9-2020-q2-update.win32_2.0.0.202105311346/tools/bin/../lib/gcc/arm-none-eabi/9.3.1/thumb/v7-m/nofp/crtn.o
 *(.fini)
 .fini          0x00000000080048d8        0x4 d:/vxl/stm32/stm32cubeide_1.7.0/stm32cubeide/plugins/com.st.stm32cube.ide.mcu.externaltools.gnu-tools-for-stm32.9-2020-q2-update.win32_2.0.0.202105311346/tools/bin/../lib/gcc/arm-none-eabi/9.3.1/thumb/v7-m/nofp/crti.o
                0x00000000080048d8                _fini
 .fini          0x00000000080048dc        0x8 d:/vxl/stm32/stm32cubeide_1.7.0/stm32cubeide/plugins/com.st.stm32cube.ide.mcu.externaltools.gnu-tools-for-stm32.9-2020-q2-update.win32_2.0.0.202105311346/tools/bin/../lib/gcc/arm-none-eabi/9.3.1/thumb/v7-m/nofp/crtn.o
                0x00000000080048e4                . = ALIGN (0x4)
                0x00000000080048e4                _etext = .

.vfp11_veneer   0x00000000080048e4        0x0
 .vfp11_veneer  0x00000000080048e4        0x0 linker stubs

.v4_bx          0x00000000080048e4        0x0
 .v4_bx         0x00000000080048e4        0x0 linker stubs

.iplt           0x00000000080048e4        0x0
 .iplt          0x00000000080048e4        0x0 d:/vxl/stm32/stm32cubeide_1.7.0/stm32cubeide/plugins/com.st.stm32cube.ide.mcu.externaltools.gnu-tools-for-stm32.9-2020-q2-update.win32_2.0.0.202105311346/tools/bin/../lib/gcc/arm-none-eabi/9.3.1/thumb/v7-m/nofp/crtbegin.o

.rodata         0x00000000080048e4      0x174
                0x00000000080048e4                . = ALIGN (0x4)
 *(.rodata)
 .rodata        0x00000000080048e4       0x27 ./Core/Src/fsm_automatic.o
 *fill*         0x000000000800490b        0x1 
 .rodata        0x000000000800490c       0x60 ./Core/Src/fsm_handle.o
 .rodata        0x000000000800496c       0x42 ./Core/Src/fsm_manual.o
 *fill*         0x00000000080049ae        0x2 
 .rodata        0x00000000080049b0       0x25 ./Core/Src/lcd_i2c.o
 *fill*         0x00000000080049d5        0x3 
 .rodata        0x00000000080049d8       0x1d ./Core/Src/main.o
 *(.rodata*)
 *fill*         0x00000000080049f5        0x3 
 .rodata.AHBPrescTable
                0x00000000080049f8       0x10 ./Core/Src/system_stm32f1xx.o
                0x00000000080049f8                AHBPrescTable
 .rodata.APBPrescTable
                0x0000000008004a08        0x8 ./Core/Src/system_stm32f1xx.o
                0x0000000008004a08                APBPrescTable
 .rodata.aPLLMULFactorTable.6442
                0x0000000008004a10       0x10 ./Drivers/STM32F1xx_HAL_Driver/Src/stm32f1xx_hal_rcc.o
 .rodata.aPredivFactorTable.6443
                0x0000000008004a20        0x2 ./Drivers/STM32F1xx_HAL_Driver/Src/stm32f1xx_hal_rcc.o
 .rodata._svfprintf_r.str1.1
                0x0000000008004a22       0x11 d:/vxl/stm32/stm32cubeide_1.7.0/stm32cubeide/plugins/com.st.stm32cube.ide.mcu.externaltools.gnu-tools-for-stm32.9-2020-q2-update.win32_2.0.0.202105311346/tools/bin/../lib/gcc/arm-none-eabi/9.3.1/../../../../arm-none-eabi/lib/thumb/v7-m/nofp\libc_nano.a(lib_a-nano-svfprintf.o)
 .rodata._printf_i.str1.1
                0x0000000008004a33       0x22 d:/vxl/stm32/stm32cubeide_1.7.0/stm32cubeide/plugins/com.st.stm32cube.ide.mcu.externaltools.gnu-tools-for-stm32.9-2020-q2-update.win32_2.0.0.202105311346/tools/bin/../lib/gcc/arm-none-eabi/9.3.1/../../../../arm-none-eabi/lib/thumb/v7-m/nofp\libc_nano.a(lib_a-nano-vfprintf_i.o)
                0x0000000008004a58                . = ALIGN (0x4)
 *fill*         0x0000000008004a55        0x3 

.rel.dyn        0x0000000008004a58        0x0
 .rel.iplt      0x0000000008004a58        0x0 d:/vxl/stm32/stm32cubeide_1.7.0/stm32cubeide/plugins/com.st.stm32cube.ide.mcu.externaltools.gnu-tools-for-stm32.9-2020-q2-update.win32_2.0.0.202105311346/tools/bin/../lib/gcc/arm-none-eabi/9.3.1/thumb/v7-m/nofp/crtbegin.o

.ARM.extab      0x0000000008004a58        0x0
                0x0000000008004a58                . = ALIGN (0x4)
 *(.ARM.extab* .gnu.linkonce.armextab.*)
                0x0000000008004a58                . = ALIGN (0x4)

.ARM            0x0000000008004a58        0x0
                0x0000000008004a58                . = ALIGN (0x4)
                0x0000000008004a58                __exidx_start = .
 *(.ARM.exidx*)
                0x0000000008004a58                __exidx_end = .
                0x0000000008004a58                . = ALIGN (0x4)

.preinit_array  0x0000000008004a58        0x0
                0x0000000008004a58                . = ALIGN (0x4)
                0x0000000008004a58                PROVIDE (__preinit_array_start = .)
 *(.preinit_array*)
                0x0000000008004a58                PROVIDE (__preinit_array_end = .)
                0x0000000008004a58                . = ALIGN (0x4)

.init_array     0x0000000008004a58        0x4
                0x0000000008004a58                . = ALIGN (0x4)
                0x0000000008004a58                PROVIDE (__init_array_start = .)
 *(SORT_BY_NAME(.init_array.*))
 *(.init_array*)
 .init_array    0x0000000008004a58        0x4 d:/vxl/stm32/stm32cubeide_1.7.0/stm32cubeide/plugins/com.st.stm32cube.ide.mcu.externaltools.gnu-tools-for-stm32.9-2020-q2-update.win32_2.0.0.202105311346/tools/bin/../lib/gcc/arm-none-eabi/9.3.1/thumb/v7-m/nofp/crtbegin.o
                0x0000000008004a5c                PROVIDE (__init_array_end = .)
                0x0000000008004a5c                . = ALIGN (0x4)

.fini_array     0x0000000008004a5c        0x4
                0x0000000008004a5c                . = ALIGN (0x4)
                [!provide]                        PROVIDE (__fini_array_start = .)
 *(SORT_BY_NAME(.fini_array.*))
 *(.fini_array*)
 .fini_array    0x0000000008004a5c        0x4 d:/vxl/stm32/stm32cubeide_1.7.0/stm32cubeide/plugins/com.st.stm32cube.ide.mcu.externaltools.gnu-tools-for-stm32.9-2020-q2-update.win32_2.0.0.202105311346/tools/bin/../lib/gcc/arm-none-eabi/9.3.1/thumb/v7-m/nofp/crtbegin.o
                [!provide]                        PROVIDE (__fini_array_end = .)
                0x0000000008004a60                . = ALIGN (0x4)
                0x0000000008004a60                _sidata = LOADADDR (.data)

.data           0x0000000020000000       0xfc load address 0x0000000008004a60
                0x0000000020000000                . = ALIGN (0x4)
                0x0000000020000000                _sdata = .
 *(.data)
 *(.data*)
 .data.BUTTON_PORT
                0x0000000020000000       0x10 ./Core/Src/button.o
                0x0000000020000000                BUTTON_PORT
 .data.BUTTON_PIN
                0x0000000020000010        0x8 ./Core/Src/button.o
                0x0000000020000010                BUTTON_PIN
 .data.button_Register0
                0x0000000020000018       0x10 ./Core/Src/button.o
 .data.button_Register1
                0x0000000020000028       0x10 ./Core/Src/button.o
 .data.button_Register2
                0x0000000020000038       0x10 ./Core/Src/button.o
 .data.button_Register3
                0x0000000020000048       0x10 ./Core/Src/button.o
 .data.last_time_display
                0x0000000020000058        0x4 ./Core/Src/fsm_handle.o
 .data.last_handle_pattern
                0x000000002000005c        0x4 ./Core/Src/fsm_handle.o
 .data.last_transitioning
                0x0000000020000060        0x4 ./Core/Src/fsm_handle.o
 .data.MODE     0x0000000020000064        0x4 ./Core/Src/global.o
                0x0000000020000064                MODE
 .data.LED_STATE
                0x0000000020000068        0x8 ./Core/Src/global.o
                0x0000000020000068                LED_STATE
 .data.RED_DURATION
                0x0000000020000070        0x4 ./Core/Src/global.o
                0x0000000020000070                RED_DURATION
 .data.YELLOW_DURATION
                0x0000000020000074        0x4 ./Core/Src/global.o
                0x0000000020000074                YELLOW_DURATION
 .data.GREEN_DURATION
                0x0000000020000078        0x4 ./Core/Src/global.o
                0x0000000020000078                GREEN_DURATION
 .data.new_RED  0x000000002000007c        0x4 ./Core/Src/global.o
                0x000000002000007c                new_RED
 .data.new_YELLOW
                0x0000000020000080        0x4 ./Core/Src/global.o
                0x0000000020000080                new_YELLOW
 .data.new_GREEN
                0x0000000020000084        0x4 ./Core/Src/global.o
                0x0000000020000084                new_GREEN
 .data.data_MASK
                0x0000000020000088        0x1 ./Core/Src/lcd_i2c.o
                0x0000000020000088                data_MASK
 *fill*         0x0000000020000089        0x3 
 .data.SystemCoreClock
                0x000000002000008c        0x4 ./Core/Src/system_stm32f1xx.o
                0x000000002000008c                SystemCoreClock
 .data.uwTickPrio
                0x0000000020000090        0x4 ./Drivers/STM32F1xx_HAL_Driver/Src/stm32f1xx_hal.o
                0x0000000020000090                uwTickPrio
 .data.uwTickFreq
                0x0000000020000094        0x1 ./Drivers/STM32F1xx_HAL_Driver/Src/stm32f1xx_hal.o
                0x0000000020000094                uwTickFreq
 *fill*         0x0000000020000095        0x3 
 .data._impure_ptr
                0x0000000020000098        0x4 d:/vxl/stm32/stm32cubeide_1.7.0/stm32cubeide/plugins/com.st.stm32cube.ide.mcu.externaltools.gnu-tools-for-stm32.9-2020-q2-update.win32_2.0.0.202105311346/tools/bin/../lib/gcc/arm-none-eabi/9.3.1/../../../../arm-none-eabi/lib/thumb/v7-m/nofp\libc_nano.a(lib_a-impure.o)
                0x0000000020000098                _impure_ptr
 .data.impure_data
                0x000000002000009c       0x60 d:/vxl/stm32/stm32cubeide_1.7.0/stm32cubeide/plugins/com.st.stm32cube.ide.mcu.externaltools.gnu-tools-for-stm32.9-2020-q2-update.win32_2.0.0.202105311346/tools/bin/../lib/gcc/arm-none-eabi/9.3.1/../../../../arm-none-eabi/lib/thumb/v7-m/nofp\libc_nano.a(lib_a-impure.o)
 *(.RamFunc)
 *(.RamFunc*)
                0x00000000200000fc                . = ALIGN (0x4)
                0x00000000200000fc                _edata = .

.igot.plt       0x00000000200000fc        0x0 load address 0x0000000008004b5c
 .igot.plt      0x00000000200000fc        0x0 d:/vxl/stm32/stm32cubeide_1.7.0/stm32cubeide/plugins/com.st.stm32cube.ide.mcu.externaltools.gnu-tools-for-stm32.9-2020-q2-update.win32_2.0.0.202105311346/tools/bin/../lib/gcc/arm-none-eabi/9.3.1/thumb/v7-m/nofp/crtbegin.o
                0x00000000200000fc                . = ALIGN (0x4)

.bss            0x0000000020000100      0x334 load address 0x0000000008004b5c
                0x0000000020000100                _sbss = .
                0x0000000020000100                __bss_start__ = _sbss
 *(.bss)
 .bss           0x0000000020000100       0x1c d:/vxl/stm32/stm32cubeide_1.7.0/stm32cubeide/plugins/com.st.stm32cube.ide.mcu.externaltools.gnu-tools-for-stm32.9-2020-q2-update.win32_2.0.0.202105311346/tools/bin/../lib/gcc/arm-none-eabi/9.3.1/thumb/v7-m/nofp/crtbegin.o
 *(.bss*)
 .bss.button_buffer
                0x000000002000011c       0x10 ./Core/Src/button.o
                0x000000002000011c                button_buffer
 .bss.button_long_press_counter
                0x000000002000012c       0x10 ./Core/Src/button.o
                0x000000002000012c                button_long_press_counter
 .bss.is_transitioning
                0x000000002000013c        0x4 ./Core/Src/fsm_handle.o
 .bss.toggle_state
                0x0000000020000140        0x4 ./Core/Src/fsm_manual.o
 .bss.tempDuration
                0x0000000020000144        0x4 ./Core/Src/global.o
                0x0000000020000144                tempDuration
 .bss.editing   0x0000000020000148        0x4 ./Core/Src/global.o
                0x0000000020000148                editing
 .bss.handle_pattern
                0x000000002000014c        0x4 ./Core/Src/global.o
                0x000000002000014c                handle_pattern
 .bss.I2C       0x0000000020000150       0x10 ./Core/Src/i2c.o
 .bss.curr_task
                0x0000000020000160        0x1 ./Core/Src/scheduler.o
                0x0000000020000160                curr_task
 *fill*         0x0000000020000161        0x7 
 .bss.tick      0x0000000020000168        0x8 ./Core/Src/scheduler.o
                0x0000000020000168                tick
 .bss.timerCounter
                0x0000000020000170       0x14 ./Core/Src/software_timer.o
                0x0000000020000170                timerCounter
 .bss.timer_flag
                0x0000000020000184       0x14 ./Core/Src/software_timer.o
                0x0000000020000184                timer_flag
 .bss.__sbrk_heap_end
                0x0000000020000198        0x4 ./Core/Src/sysmem.o
 .bss.sw        0x000000002000019c        0x4 ./Core/Src/traffic_light.o
                0x000000002000019c                sw
 .bss.__malloc_free_list
                0x00000000200001a0        0x4 d:/vxl/stm32/stm32cubeide_1.7.0/stm32cubeide/plugins/com.st.stm32cube.ide.mcu.externaltools.gnu-tools-for-stm32.9-2020-q2-update.win32_2.0.0.202105311346/tools/bin/../lib/gcc/arm-none-eabi/9.3.1/../../../../arm-none-eabi/lib/thumb/v7-m/nofp\libc_nano.a(lib_a-nano-mallocr.o)
                0x00000000200001a0                __malloc_free_list
 .bss.__malloc_sbrk_start
                0x00000000200001a4        0x4 d:/vxl/stm32/stm32cubeide_1.7.0/stm32cubeide/plugins/com.st.stm32cube.ide.mcu.externaltools.gnu-tools-for-stm32.9-2020-q2-update.win32_2.0.0.202105311346/tools/bin/../lib/gcc/arm-none-eabi/9.3.1/../../../../arm-none-eabi/lib/thumb/v7-m/nofp\libc_nano.a(lib_a-nano-mallocr.o)
                0x00000000200001a4                __malloc_sbrk_start
 *(COMMON)
 COMMON         0x00000000200001a8        0x2 ./Core/Src/lcd_i2c.o
                0x00000000200001a8                _backlightval
                0x00000000200001a9                LCDI2C_ADDR
 *fill*         0x00000000200001aa        0x2 
 COMMON         0x00000000200001ac       0xe4 ./Core/Src/main.o
                0x00000000200001ac                hi2c1
                0x0000000020000200                htim2
                0x0000000020000248                huart2
 COMMON         0x0000000020000290      0x190 ./Core/Src/scheduler.o
                0x0000000020000290                pTask
 COMMON         0x0000000020000420        0x4 ./Drivers/STM32F1xx_HAL_Driver/Src/stm32f1xx_hal.o
                0x0000000020000420                uwTick
 COMMON         0x0000000020000424        0x4 d:/vxl/stm32/stm32cubeide_1.7.0/stm32cubeide/plugins/com.st.stm32cube.ide.mcu.externaltools.gnu-tools-for-stm32.9-2020-q2-update.win32_2.0.0.202105311346/tools/bin/../lib/gcc/arm-none-eabi/9.3.1/../../../../arm-none-eabi/lib/thumb/v7-m/nofp\libc_nano.a(lib_a-reent.o)
                0x0000000020000424                errno
 COMMON         0x0000000020000428        0x9 d:/vxl/stm32/stm32cubeide_1.7.0/stm32cubeide/plugins/com.st.stm32cube.ide.mcu.externaltools.gnu-tools-for-stm32.9-2020-q2-update.win32_2.0.0.202105311346/tools/bin/../lib/gcc/arm-none-eabi/9.3.1/../../../../arm-none-eabi/lib/thumb/v7-m/nofp\libc_nano.a(lib_a-lock.o)
                0x0000000020000428                __lock___atexit_recursive_mutex
                0x0000000020000429                __lock___arc4random_mutex
                0x000000002000042a                __lock___env_recursive_mutex
                0x000000002000042b                __lock___sinit_recursive_mutex
                0x000000002000042c                __lock___malloc_recursive_mutex
                0x000000002000042d                __lock___at_quick_exit_mutex
                0x000000002000042e                __lock___dd_hash_mutex
                0x000000002000042f                __lock___tz_mutex
                0x0000000020000430                __lock___sfp_recursive_mutex
                0x0000000020000434                . = ALIGN (0x4)
 *fill*         0x0000000020000431        0x3 
                0x0000000020000434                _ebss = .
                0x0000000020000434                __bss_end__ = _ebss

._user_heap_stack
                0x0000000020000434      0x604 load address 0x0000000008004b5c
                0x0000000020000438                . = ALIGN (0x8)
 *fill*         0x0000000020000434        0x4 
                [!provide]                        PROVIDE (end = .)
                0x0000000020000438                PROVIDE (_end = .)
                0x0000000020000638                . = (. + _Min_Heap_Size)
 *fill*         0x0000000020000438      0x200 
                0x0000000020000a38                . = (. + _Min_Stack_Size)
 *fill*         0x0000000020000638      0x400 
                0x0000000020000a38                . = ALIGN (0x8)

/DISCARD/
 libc.a(*)
 libm.a(*)
 libgcc.a(*)

.ARM.attributes
                0x0000000000000000       0x29
 *(.ARM.attributes)
 .ARM.attributes
                0x0000000000000000       0x1d d:/vxl/stm32/stm32cubeide_1.7.0/stm32cubeide/plugins/com.st.stm32cube.ide.mcu.externaltools.gnu-tools-for-stm32.9-2020-q2-update.win32_2.0.0.202105311346/tools/bin/../lib/gcc/arm-none-eabi/9.3.1/thumb/v7-m/nofp/crti.o
 .ARM.attributes
                0x000000000000001d       0x2d d:/vxl/stm32/stm32cubeide_1.7.0/stm32cubeide/plugins/com.st.stm32cube.ide.mcu.externaltools.gnu-tools-for-stm32.9-2020-q2-update.win32_2.0.0.202105311346/tools/bin/../lib/gcc/arm-none-eabi/9.3.1/thumb/v7-m/nofp/crtbegin.o
 .ARM.attributes
                0x000000000000004a       0x2d ./Core/Src/button.o
 .ARM.attributes
                0x0000000000000077       0x2d ./Core/Src/fsm_automatic.o
 .ARM.attributes
                0x00000000000000a4       0x2d ./Core/Src/fsm_handle.o
 .ARM.attributes
                0x00000000000000d1       0x2d ./Core/Src/fsm_manual.o
 .ARM.attributes
                0x00000000000000fe       0x33 ./Core/Src/global.o
 .ARM.attributes
                0x0000000000000131       0x2d ./Core/Src/i2c.o
 .ARM.attributes
                0x000000000000015e       0x2d ./Core/Src/lcd_i2c.o
 .ARM.attributes
                0x000000000000018b       0x2d ./Core/Src/main.o
 .ARM.attributes
                0x00000000000001b8       0x2d ./Core/Src/scheduler.o
 .ARM.attributes
                0x00000000000001e5       0x2d ./Core/Src/software_timer.o
 .ARM.attributes
                0x0000000000000212       0x2d ./Core/Src/stm32f1xx_hal_msp.o
 .ARM.attributes
                0x000000000000023f       0x2d ./Core/Src/stm32f1xx_it.o
 .ARM.attributes
                0x000000000000026c       0x2d ./Core/Src/sysmem.o
 .ARM.attributes
                0x0000000000000299       0x2d ./Core/Src/system_stm32f1xx.o
 .ARM.attributes
                0x00000000000002c6       0x2d ./Core/Src/task.o
 .ARM.attributes
                0x00000000000002f3       0x2d ./Core/Src/traffic_light.o
 .ARM.attributes
                0x0000000000000320       0x21 ./Core/Startup/startup_stm32f103rbtx.o
 .ARM.attributes
                0x0000000000000341       0x2d ./Drivers/STM32F1xx_HAL_Driver/Src/stm32f1xx_hal.o
 .ARM.attributes
                0x000000000000036e       0x2d ./Drivers/STM32F1xx_HAL_Driver/Src/stm32f1xx_hal_cortex.o
 .ARM.attributes
                0x000000000000039b       0x2d ./Drivers/STM32F1xx_HAL_Driver/Src/stm32f1xx_hal_gpio.o
 .ARM.attributes
                0x00000000000003c8       0x2d ./Drivers/STM32F1xx_HAL_Driver/Src/stm32f1xx_hal_i2c.o
 .ARM.attributes
                0x00000000000003f5       0x2d ./Drivers/STM32F1xx_HAL_Driver/Src/stm32f1xx_hal_rcc.o
 .ARM.attributes
                0x0000000000000422       0x2d ./Drivers/STM32F1xx_HAL_Driver/Src/stm32f1xx_hal_tim.o
 .ARM.attributes
                0x000000000000044f       0x2d ./Drivers/STM32F1xx_HAL_Driver/Src/stm32f1xx_hal_tim_ex.o
 .ARM.attributes
                0x000000000000047c       0x2d ./Drivers/STM32F1xx_HAL_Driver/Src/stm32f1xx_hal_uart.o
 .ARM.attributes
                0x00000000000004a9       0x2d d:/vxl/stm32/stm32cubeide_1.7.0/stm32cubeide/plugins/com.st.stm32cube.ide.mcu.externaltools.gnu-tools-for-stm32.9-2020-q2-update.win32_2.0.0.202105311346/tools/bin/../lib/gcc/arm-none-eabi/9.3.1/../../../../arm-none-eabi/lib/thumb/v7-m/nofp\libc_nano.a(lib_a-errno.o)
 .ARM.attributes
                0x00000000000004d6       0x2d d:/vxl/stm32/stm32cubeide_1.7.0/stm32cubeide/plugins/com.st.stm32cube.ide.mcu.externaltools.gnu-tools-for-stm32.9-2020-q2-update.win32_2.0.0.202105311346/tools/bin/../lib/gcc/arm-none-eabi/9.3.1/../../../../arm-none-eabi/lib/thumb/v7-m/nofp\libc_nano.a(lib_a-impure.o)
 .ARM.attributes
                0x0000000000000503       0x2d d:/vxl/stm32/stm32cubeide_1.7.0/stm32cubeide/plugins/com.st.stm32cube.ide.mcu.externaltools.gnu-tools-for-stm32.9-2020-q2-update.win32_2.0.0.202105311346/tools/bin/../lib/gcc/arm-none-eabi/9.3.1/../../../../arm-none-eabi/lib/thumb/v7-m/nofp\libc_nano.a(lib_a-init.o)
 .ARM.attributes
                0x0000000000000530       0x2d d:/vxl/stm32/stm32cubeide_1.7.0/stm32cubeide/plugins/com.st.stm32cube.ide.mcu.externaltools.gnu-tools-for-stm32.9-2020-q2-update.win32_2.0.0.202105311346/tools/bin/../lib/gcc/arm-none-eabi/9.3.1/../../../../arm-none-eabi/lib/thumb/v7-m/nofp\libc_nano.a(lib_a-memset.o)
 .ARM.attributes
                0x000000000000055d       0x2d d:/vxl/stm32/stm32cubeide_1.7.0/stm32cubeide/plugins/com.st.stm32cube.ide.mcu.externaltools.gnu-tools-for-stm32.9-2020-q2-update.win32_2.0.0.202105311346/tools/bin/../lib/gcc/arm-none-eabi/9.3.1/../../../../arm-none-eabi/lib/thumb/v7-m/nofp\libc_nano.a(lib_a-snprintf.o)
 .ARM.attributes
                0x000000000000058a       0x17 d:/vxl/stm32/stm32cubeide_1.7.0/stm32cubeide/plugins/com.st.stm32cube.ide.mcu.externaltools.gnu-tools-for-stm32.9-2020-q2-update.win32_2.0.0.202105311346/tools/bin/../lib/gcc/arm-none-eabi/9.3.1/../../../../arm-none-eabi/lib/thumb/v7-m/nofp\libc_nano.a(lib_a-strlen.o)
 .ARM.attributes
                0x00000000000005a1       0x2d d:/vxl/stm32/stm32cubeide_1.7.0/stm32cubeide/plugins/com.st.stm32cube.ide.mcu.externaltools.gnu-tools-for-stm32.9-2020-q2-update.win32_2.0.0.202105311346/tools/bin/../lib/gcc/arm-none-eabi/9.3.1/../../../../arm-none-eabi/lib/thumb/v7-m/nofp\libc_nano.a(lib_a-nano-svfprintf.o)
 .ARM.attributes
                0x00000000000005ce       0x2d d:/vxl/stm32/stm32cubeide_1.7.0/stm32cubeide/plugins/com.st.stm32cube.ide.mcu.externaltools.gnu-tools-for-stm32.9-2020-q2-update.win32_2.0.0.202105311346/tools/bin/../lib/gcc/arm-none-eabi/9.3.1/../../../../arm-none-eabi/lib/thumb/v7-m/nofp\libc_nano.a(lib_a-nano-vfprintf_i.o)
 .ARM.attributes
                0x00000000000005fb       0x2d d:/vxl/stm32/stm32cubeide_1.7.0/stm32cubeide/plugins/com.st.stm32cube.ide.mcu.externaltools.gnu-tools-for-stm32.9-2020-q2-update.win32_2.0.0.202105311346/tools/bin/../lib/gcc/arm-none-eabi/9.3.1/../../../../arm-none-eabi/lib/thumb/v7-m/nofp\libc_nano.a(lib_a-memchr-stub.o)
 .ARM.attributes
                0x0000000000000628       0x2d d:/vxl/stm32/stm32cubeide_1.7.0/stm32cubeide/plugins/com.st.stm32cube.ide.mcu.externaltools.gnu-tools-for-stm32.9-2020-q2-update.win32_2.0.0.202105311346/tools/bin/../lib/gcc/arm-none-eabi/9.3.1/../../../../arm-none-eabi/lib/thumb/v7-m/nofp\libc_nano.a(lib_a-memcpy-stub.o)
 .ARM.attributes
                0x0000000000000655       0x2d d:/vxl/stm32/stm32cubeide_1.7.0/stm32cubeide/plugins/com.st.stm32cube.ide.mcu.externaltools.gnu-tools-for-stm32.9-2020-q2-update.win32_2.0.0.202105311346/tools/bin/../lib/gcc/arm-none-eabi/9.3.1/../../../../arm-none-eabi/lib/thumb/v7-m/nofp\libc_nano.a(lib_a-memmove.o)
 .ARM.attributes
                0x0000000000000682       0x2d d:/vxl/stm32/stm32cubeide_1.7.0/stm32cubeide/plugins/com.st.stm32cube.ide.mcu.externaltools.gnu-tools-for-stm32.9-2020-q2-update.win32_2.0.0.202105311346/tools/bin/../lib/gcc/arm-none-eabi/9.3.1/../../../../arm-none-eabi/lib/thumb/v7-m/nofp\libc_nano.a(lib_a-nano-freer.o)
 .ARM.attributes
                0x00000000000006af       0x2d d:/vxl/stm32/stm32cubeide_1.7.0/stm32cubeide/plugins/com.st.stm32cube.ide.mcu.externaltools.gnu-tools-for-stm32.9-2020-q2-update.win32_2.0.0.202105311346/tools/bin/../lib/gcc/arm-none-eabi/9.3.1/../../../../arm-none-eabi/lib/thumb/v7-m/nofp\libc_nano.a(lib_a-nano-mallocr.o)
 .ARM.attributes
                0x00000000000006dc       0x2d d:/vxl/stm32/stm32cubeide_1.7.0/stm32cubeide/plugins/com.st.stm32cube.ide.mcu.externaltools.gnu-tools-for-stm32.9-2020-q2-update.win32_2.0.0.202105311346/tools/bin/../lib/gcc/arm-none-eabi/9.3.1/../../../../arm-none-eabi/lib/thumb/v7-m/nofp\libc_nano.a(lib_a-nano-reallocr.o)
 .ARM.attributes
                0x0000000000000709       0x2d d:/vxl/stm32/stm32cubeide_1.7.0/stm32cubeide/plugins/com.st.stm32cube.ide.mcu.externaltools.gnu-tools-for-stm32.9-2020-q2-update.win32_2.0.0.202105311346/tools/bin/../lib/gcc/arm-none-eabi/9.3.1/../../../../arm-none-eabi/lib/thumb/v7-m/nofp\libc_nano.a(lib_a-sbrkr.o)
 .ARM.attributes
                0x0000000000000736       0x2d d:/vxl/stm32/stm32cubeide_1.7.0/stm32cubeide/plugins/com.st.stm32cube.ide.mcu.externaltools.gnu-tools-for-stm32.9-2020-q2-update.win32_2.0.0.202105311346/tools/bin/../lib/gcc/arm-none-eabi/9.3.1/../../../../arm-none-eabi/lib/thumb/v7-m/nofp\libc_nano.a(lib_a-mlock.o)
 .ARM.attributes
                0x0000000000000763       0x2d d:/vxl/stm32/stm32cubeide_1.7.0/stm32cubeide/plugins/com.st.stm32cube.ide.mcu.externaltools.gnu-tools-for-stm32.9-2020-q2-update.win32_2.0.0.202105311346/tools/bin/../lib/gcc/arm-none-eabi/9.3.1/../../../../arm-none-eabi/lib/thumb/v7-m/nofp\libc_nano.a(lib_a-nano-msizer.o)
 .ARM.attributes
                0x0000000000000790       0x2d d:/vxl/stm32/stm32cubeide_1.7.0/stm32cubeide/plugins/com.st.stm32cube.ide.mcu.externaltools.gnu-tools-for-stm32.9-2020-q2-update.win32_2.0.0.202105311346/tools/bin/../lib/gcc/arm-none-eabi/9.3.1/../../../../arm-none-eabi/lib/thumb/v7-m/nofp\libc_nano.a(lib_a-reent.o)
 .ARM.attributes
                0x00000000000007bd       0x2d d:/vxl/stm32/stm32cubeide_1.7.0/stm32cubeide/plugins/com.st.stm32cube.ide.mcu.externaltools.gnu-tools-for-stm32.9-2020-q2-update.win32_2.0.0.202105311346/tools/bin/../lib/gcc/arm-none-eabi/9.3.1/../../../../arm-none-eabi/lib/thumb/v7-m/nofp\libc_nano.a(lib_a-lock.o)
 .ARM.attributes
                0x00000000000007ea       0x1d d:/vxl/stm32/stm32cubeide_1.7.0/stm32cubeide/plugins/com.st.stm32cube.ide.mcu.externaltools.gnu-tools-for-stm32.9-2020-q2-update.win32_2.0.0.202105311346/tools/bin/../lib/gcc/arm-none-eabi/9.3.1/thumb/v7-m/nofp/crtn.o
OUTPUT(MCU_ASSIGNMENT.elf elf32-littlearm)
LOAD linker stubs
LOAD d:/vxl/stm32/stm32cubeide_1.7.0/stm32cubeide/plugins/com.st.stm32cube.ide.mcu.externaltools.gnu-tools-for-stm32.9-2020-q2-update.win32_2.0.0.202105311346/tools/bin/../lib/gcc/arm-none-eabi/9.3.1/../../../../arm-none-eabi/lib/thumb/v7-m/nofp\libc.a
LOAD d:/vxl/stm32/stm32cubeide_1.7.0/stm32cubeide/plugins/com.st.stm32cube.ide.mcu.externaltools.gnu-tools-for-stm32.9-2020-q2-update.win32_2.0.0.202105311346/tools/bin/../lib/gcc/arm-none-eabi/9.3.1/../../../../arm-none-eabi/lib/thumb/v7-m/nofp\libm.a
LOAD d:/vxl/stm32/stm32cubeide_1.7.0/stm32cubeide/plugins/com.st.stm32cube.ide.mcu.externaltools.gnu-tools-for-stm32.9-2020-q2-update.win32_2.0.0.202105311346/tools/bin/../lib/gcc/arm-none-eabi/9.3.1/thumb/v7-m/nofp\libgcc.a

.debug_info     0x0000000000000000    0x14e4a
 .debug_info    0x0000000000000000      0x3c3 ./Core/Src/button.o
 .debug_info    0x00000000000003c3      0xb54 ./Core/Src/fsm_automatic.o
 .debug_info    0x0000000000000f17      0xbb8 ./Core/Src/fsm_handle.o
 .debug_info    0x0000000000001acf      0xc04 ./Core/Src/fsm_manual.o
 .debug_info    0x00000000000026d3      0x2a6 ./Core/Src/global.o
 .debug_info    0x0000000000002979      0x464 ./Core/Src/i2c.o
 .debug_info    0x0000000000002ddd      0xcce ./Core/Src/lcd_i2c.o
 .debug_info    0x0000000000003aab     0x1c16 ./Core/Src/main.o
 .debug_info    0x00000000000056c1      0x295 ./Core/Src/scheduler.o
 .debug_info    0x0000000000005956      0x211 ./Core/Src/software_timer.o
 .debug_info    0x0000000000005b67     0x1150 ./Core/Src/stm32f1xx_hal_msp.o
 .debug_info    0x0000000000006cb7      0x7e3 ./Core/Src/stm32f1xx_it.o
 .debug_info    0x000000000000749a      0xa25 ./Core/Src/sysmem.o
 .debug_info    0x0000000000007ebf      0x2be ./Core/Src/system_stm32f1xx.o
 .debug_info    0x000000000000817d      0xbde ./Core/Src/task.o
 .debug_info    0x0000000000008d5b      0x348 ./Core/Src/traffic_light.o
 .debug_info    0x00000000000090a3       0x22 ./Core/Startup/startup_stm32f103rbtx.o
 .debug_info    0x00000000000090c5      0x76a ./Drivers/STM32F1xx_HAL_Driver/Src/stm32f1xx_hal.o
 .debug_info    0x000000000000982f      0xbdc ./Drivers/STM32F1xx_HAL_Driver/Src/stm32f1xx_hal_cortex.o
 .debug_info    0x000000000000a40b      0x701 ./Drivers/STM32F1xx_HAL_Driver/Src/stm32f1xx_hal_gpio.o
 .debug_info    0x000000000000ab0c     0x27cb ./Drivers/STM32F1xx_HAL_Driver/Src/stm32f1xx_hal_i2c.o
 .debug_info    0x000000000000d2d7      0x893 ./Drivers/STM32F1xx_HAL_Driver/Src/stm32f1xx_hal_rcc.o
 .debug_info    0x000000000000db6a     0x2c32 ./Drivers/STM32F1xx_HAL_Driver/Src/stm32f1xx_hal_tim.o
 .debug_info    0x000000000001079c     0x157f ./Drivers/STM32F1xx_HAL_Driver/Src/stm32f1xx_hal_tim_ex.o
 .debug_info    0x0000000000011d1b     0x312f ./Drivers/STM32F1xx_HAL_Driver/Src/stm32f1xx_hal_uart.o

.debug_abbrev   0x0000000000000000     0x2f4e
 .debug_abbrev  0x0000000000000000      0x18a ./Core/Src/button.o
 .debug_abbrev  0x000000000000018a      0x216 ./Core/Src/fsm_automatic.o
 .debug_abbrev  0x00000000000003a0      0x203 ./Core/Src/fsm_handle.o
 .debug_abbrev  0x00000000000005a3      0x23e ./Core/Src/fsm_manual.o
 .debug_abbrev  0x00000000000007e1       0xa9 ./Core/Src/global.o
 .debug_abbrev  0x000000000000088a      0x1d5 ./Core/Src/i2c.o
 .debug_abbrev  0x0000000000000a5f      0x274 ./Core/Src/lcd_i2c.o
 .debug_abbrev  0x0000000000000cd3      0x31a ./Core/Src/main.o
 .debug_abbrev  0x0000000000000fed      0x134 ./Core/Src/scheduler.o
 .debug_abbrev  0x0000000000001121      0x101 ./Core/Src/software_timer.o
 .debug_abbrev  0x0000000000001222      0x1c8 ./Core/Src/stm32f1xx_hal_msp.o
 .debug_abbrev  0x00000000000013ea      0x176 ./Core/Src/stm32f1xx_it.o
 .debug_abbrev  0x0000000000001560      0x1bf ./Core/Src/sysmem.o
 .debug_abbrev  0x000000000000171f      0x14e ./Core/Src/system_stm32f1xx.o
 .debug_abbrev  0x000000000000186d      0x1fc ./Core/Src/task.o
 .debug_abbrev  0x0000000000001a69      0x141 ./Core/Src/traffic_light.o
 .debug_abbrev  0x0000000000001baa       0x12 ./Core/Startup/startup_stm32f103rbtx.o
 .debug_abbrev  0x0000000000001bbc      0x1ed ./Drivers/STM32F1xx_HAL_Driver/Src/stm32f1xx_hal.o
 .debug_abbrev  0x0000000000001da9      0x313 ./Drivers/STM32F1xx_HAL_Driver/Src/stm32f1xx_hal_cortex.o
 .debug_abbrev  0x00000000000020bc      0x1e8 ./Drivers/STM32F1xx_HAL_Driver/Src/stm32f1xx_hal_gpio.o
 .debug_abbrev  0x00000000000022a4      0x288 ./Drivers/STM32F1xx_HAL_Driver/Src/stm32f1xx_hal_i2c.o
 .debug_abbrev  0x000000000000252c      0x273 ./Drivers/STM32F1xx_HAL_Driver/Src/stm32f1xx_hal_rcc.o
 .debug_abbrev  0x000000000000279f      0x25e ./Drivers/STM32F1xx_HAL_Driver/Src/stm32f1xx_hal_tim.o
 .debug_abbrev  0x00000000000029fd      0x266 ./Drivers/STM32F1xx_HAL_Driver/Src/stm32f1xx_hal_tim_ex.o
 .debug_abbrev  0x0000000000002c63      0x2eb ./Drivers/STM32F1xx_HAL_Driver/Src/stm32f1xx_hal_uart.o

.debug_aranges  0x0000000000000000     0x1108
 .debug_aranges
                0x0000000000000000       0x38 ./Core/Src/button.o
 .debug_aranges
                0x0000000000000038       0x28 ./Core/Src/fsm_automatic.o
 .debug_aranges
                0x0000000000000060       0x30 ./Core/Src/fsm_handle.o
 .debug_aranges
                0x0000000000000090       0x50 ./Core/Src/fsm_manual.o
 .debug_aranges
                0x00000000000000e0       0x18 ./Core/Src/global.o
 .debug_aranges
                0x00000000000000f8       0x60 ./Core/Src/i2c.o
 .debug_aranges
                0x0000000000000158       0x88 ./Core/Src/lcd_i2c.o
 .debug_aranges
                0x00000000000001e0       0x60 ./Core/Src/main.o
 .debug_aranges
                0x0000000000000240       0x48 ./Core/Src/scheduler.o
 .debug_aranges
                0x0000000000000288       0x28 ./Core/Src/software_timer.o
 .debug_aranges
                0x00000000000002b0       0x50 ./Core/Src/stm32f1xx_hal_msp.o
 .debug_aranges
                0x0000000000000300       0x70 ./Core/Src/stm32f1xx_it.o
 .debug_aranges
                0x0000000000000370       0x20 ./Core/Src/sysmem.o
 .debug_aranges
                0x0000000000000390       0x28 ./Core/Src/system_stm32f1xx.o
 .debug_aranges
                0x00000000000003b8       0x38 ./Core/Src/task.o
 .debug_aranges
                0x00000000000003f0       0x40 ./Core/Src/traffic_light.o
 .debug_aranges
                0x0000000000000430       0x28 ./Core/Startup/startup_stm32f103rbtx.o
 .debug_aranges
                0x0000000000000458       0xe0 ./Drivers/STM32F1xx_HAL_Driver/Src/stm32f1xx_hal.o
 .debug_aranges
                0x0000000000000538      0x100 ./Drivers/STM32F1xx_HAL_Driver/Src/stm32f1xx_hal_cortex.o
 .debug_aranges
                0x0000000000000638       0x58 ./Drivers/STM32F1xx_HAL_Driver/Src/stm32f1xx_hal_gpio.o
 .debug_aranges
                0x0000000000000690      0x2a8 ./Drivers/STM32F1xx_HAL_Driver/Src/stm32f1xx_hal_i2c.o
 .debug_aranges
                0x0000000000000938       0x90 ./Drivers/STM32F1xx_HAL_Driver/Src/stm32f1xx_hal_rcc.o
 .debug_aranges
                0x00000000000009c8      0x3d0 ./Drivers/STM32F1xx_HAL_Driver/Src/stm32f1xx_hal_tim.o
 .debug_aranges
                0x0000000000000d98      0x168 ./Drivers/STM32F1xx_HAL_Driver/Src/stm32f1xx_hal_tim_ex.o
 .debug_aranges
                0x0000000000000f00      0x208 ./Drivers/STM32F1xx_HAL_Driver/Src/stm32f1xx_hal_uart.o

.debug_ranges   0x0000000000000000      0xfc0
 .debug_ranges  0x0000000000000000       0x28 ./Core/Src/button.o
 .debug_ranges  0x0000000000000028       0x18 ./Core/Src/fsm_automatic.o
 .debug_ranges  0x0000000000000040       0x20 ./Core/Src/fsm_handle.o
 .debug_ranges  0x0000000000000060       0x40 ./Core/Src/fsm_manual.o
 .debug_ranges  0x00000000000000a0       0x50 ./Core/Src/i2c.o
 .debug_ranges  0x00000000000000f0       0x78 ./Core/Src/lcd_i2c.o
 .debug_ranges  0x0000000000000168       0x50 ./Core/Src/main.o
 .debug_ranges  0x00000000000001b8       0x38 ./Core/Src/scheduler.o
 .debug_ranges  0x00000000000001f0       0x18 ./Core/Src/software_timer.o
 .debug_ranges  0x0000000000000208       0x40 ./Core/Src/stm32f1xx_hal_msp.o
 .debug_ranges  0x0000000000000248       0x60 ./Core/Src/stm32f1xx_it.o
 .debug_ranges  0x00000000000002a8       0x10 ./Core/Src/sysmem.o
 .debug_ranges  0x00000000000002b8       0x18 ./Core/Src/system_stm32f1xx.o
 .debug_ranges  0x00000000000002d0       0x28 ./Core/Src/task.o
 .debug_ranges  0x00000000000002f8       0x30 ./Core/Src/traffic_light.o
 .debug_ranges  0x0000000000000328       0x20 ./Core/Startup/startup_stm32f103rbtx.o
 .debug_ranges  0x0000000000000348       0xd0 ./Drivers/STM32F1xx_HAL_Driver/Src/stm32f1xx_hal.o
 .debug_ranges  0x0000000000000418       0xf0 ./Drivers/STM32F1xx_HAL_Driver/Src/stm32f1xx_hal_cortex.o
 .debug_ranges  0x0000000000000508       0x48 ./Drivers/STM32F1xx_HAL_Driver/Src/stm32f1xx_hal_gpio.o
 .debug_ranges  0x0000000000000550      0x2b0 ./Drivers/STM32F1xx_HAL_Driver/Src/stm32f1xx_hal_i2c.o
 .debug_ranges  0x0000000000000800       0x80 ./Drivers/STM32F1xx_HAL_Driver/Src/stm32f1xx_hal_rcc.o
 .debug_ranges  0x0000000000000880      0x3c0 ./Drivers/STM32F1xx_HAL_Driver/Src/stm32f1xx_hal_tim.o
 .debug_ranges  0x0000000000000c40      0x158 ./Drivers/STM32F1xx_HAL_Driver/Src/stm32f1xx_hal_tim_ex.o
 .debug_ranges  0x0000000000000d98      0x228 ./Drivers/STM32F1xx_HAL_Driver/Src/stm32f1xx_hal_uart.o

.debug_macro    0x0000000000000000    0x19d0f
 .debug_macro   0x0000000000000000      0x1cb ./Core/Src/button.o
 .debug_macro   0x00000000000001cb      0xa9c ./Core/Src/button.o
 .debug_macro   0x0000000000000c67      0x221 ./Core/Src/button.o
 .debug_macro   0x0000000000000e88       0x2e ./Core/Src/button.o
 .debug_macro   0x0000000000000eb6       0x22 ./Core/Src/button.o
 .debug_macro   0x0000000000000ed8       0x22 ./Core/Src/button.o
 .debug_macro   0x0000000000000efa       0x8e ./Core/Src/button.o
 .debug_macro   0x0000000000000f88       0x51 ./Core/Src/button.o
 .debug_macro   0x0000000000000fd9      0x103 ./Core/Src/button.o
 .debug_macro   0x00000000000010dc       0x6a ./Core/Src/button.o
 .debug_macro   0x0000000000001146      0x1df ./Core/Src/button.o
 .debug_macro   0x0000000000001325       0x1c ./Core/Src/button.o
 .debug_macro   0x0000000000001341       0x22 ./Core/Src/button.o
 .debug_macro   0x0000000000001363       0xc3 ./Core/Src/button.o
 .debug_macro   0x0000000000001426      0xd23 ./Core/Src/button.o
 .debug_macro   0x0000000000002149     0xe09e ./Core/Src/button.o
 .debug_macro   0x00000000000101e7       0x6d ./Core/Src/button.o
 .debug_macro   0x0000000000010254     0x34a2 ./Core/Src/button.o
 .debug_macro   0x00000000000136f6      0x174 ./Core/Src/button.o
 .debug_macro   0x000000000001386a       0x5c ./Core/Src/button.o
 .debug_macro   0x00000000000138c6      0x5bc ./Core/Src/button.o
 .debug_macro   0x0000000000013e82      0x289 ./Core/Src/button.o
 .debug_macro   0x000000000001410b      0x1cb ./Core/Src/button.o
 .debug_macro   0x00000000000142d6      0x114 ./Core/Src/button.o
 .debug_macro   0x00000000000143ea      0x1b2 ./Core/Src/button.o
 .debug_macro   0x000000000001459c       0x27 ./Core/Src/button.o
 .debug_macro   0x00000000000145c3      0x136 ./Core/Src/button.o
 .debug_macro   0x00000000000146f9      0x1bc ./Core/Src/button.o
 .debug_macro   0x00000000000148b5       0x34 ./Core/Src/button.o
 .debug_macro   0x00000000000148e9       0x3c ./Core/Src/button.o
 .debug_macro   0x0000000000014925       0x57 ./Core/Src/button.o
 .debug_macro   0x000000000001497c       0x87 ./Core/Src/button.o
 .debug_macro   0x0000000000014a03      0x240 ./Core/Src/button.o
 .debug_macro   0x0000000000014c43      0x287 ./Core/Src/button.o
 .debug_macro   0x0000000000014eca      0x140 ./Core/Src/button.o
 .debug_macro   0x000000000001500a      0x8ed ./Core/Src/button.o
 .debug_macro   0x00000000000158f7      0x28e ./Core/Src/button.o
 .debug_macro   0x0000000000015b85       0x83 ./Core/Src/button.o
 .debug_macro   0x0000000000015c08       0xbe ./Core/Src/button.o
 .debug_macro   0x0000000000015cc6       0x1c ./Core/Src/button.o
 .debug_macro   0x0000000000015ce2      0x3a2 ./Core/Src/fsm_automatic.o
 .debug_macro   0x0000000000016084       0x3a ./Core/Src/fsm_automatic.o
 .debug_macro   0x00000000000160be       0x10 ./Core/Src/fsm_automatic.o
 .debug_macro   0x00000000000160ce       0x22 ./Core/Src/fsm_automatic.o
 .debug_macro   0x00000000000160f0       0x22 ./Core/Src/fsm_automatic.o
 .debug_macro   0x0000000000016112       0x10 ./Core/Src/fsm_automatic.o
 .debug_macro   0x0000000000016122       0x52 ./Core/Src/fsm_automatic.o
 .debug_macro   0x0000000000016174       0x18 ./Core/Src/fsm_automatic.o
 .debug_macro   0x000000000001618c       0x3c ./Core/Src/fsm_automatic.o
 .debug_macro   0x00000000000161c8       0x34 ./Core/Src/fsm_automatic.o
 .debug_macro   0x00000000000161fc       0x16 ./Core/Src/fsm_automatic.o
 .debug_macro   0x0000000000016212       0x35 ./Core/Src/fsm_automatic.o
 .debug_macro   0x0000000000016247      0x333 ./Core/Src/fsm_automatic.o
 .debug_macro   0x000000000001657a       0x10 ./Core/Src/fsm_automatic.o
 .debug_macro   0x000000000001658a       0x16 ./Core/Src/fsm_automatic.o
 .debug_macro   0x00000000000165a0       0x43 ./Core/Src/fsm_automatic.o
 .debug_macro   0x00000000000165e3       0x34 ./Core/Src/fsm_automatic.o
 .debug_macro   0x0000000000016617       0x10 ./Core/Src/fsm_automatic.o
 .debug_macro   0x0000000000016627       0x58 ./Core/Src/fsm_automatic.o
 .debug_macro   0x000000000001667f       0x71 ./Core/Src/fsm_automatic.o
 .debug_macro   0x00000000000166f0       0x1c ./Core/Src/fsm_automatic.o
 .debug_macro   0x000000000001670c      0x12a ./Core/Src/fsm_automatic.o
 .debug_macro   0x0000000000016836       0x10 ./Core/Src/fsm_automatic.o
 .debug_macro   0x0000000000016846       0x1c ./Core/Src/fsm_automatic.o
 .debug_macro   0x0000000000016862       0x52 ./Core/Src/fsm_automatic.o
 .debug_macro   0x00000000000168b4       0x22 ./Core/Src/fsm_automatic.o
 .debug_macro   0x00000000000168d6       0x10 ./Core/Src/fsm_automatic.o
 .debug_macro   0x00000000000168e6       0x40 ./Core/Src/fsm_automatic.o
 .debug_macro   0x0000000000016926       0xd5 ./Core/Src/fsm_automatic.o
 .debug_macro   0x00000000000169fb       0x1c ./Core/Src/fsm_automatic.o
 .debug_macro   0x0000000000016a17       0x3d ./Core/Src/fsm_automatic.o
 .debug_macro   0x0000000000016a54       0x16 ./Core/Src/fsm_automatic.o
 .debug_macro   0x0000000000016a6a      0x145 ./Core/Src/fsm_automatic.o
 .debug_macro   0x0000000000016baf       0x16 ./Core/Src/fsm_automatic.o
 .debug_macro   0x0000000000016bc5       0x20 ./Core/Src/fsm_automatic.o
 .debug_macro   0x0000000000016be5      0x3a2 ./Core/Src/fsm_handle.o
 .debug_macro   0x0000000000016f87      0x3a2 ./Core/Src/fsm_manual.o
 .debug_macro   0x0000000000017329      0x1cb ./Core/Src/global.o
 .debug_macro   0x00000000000174f4      0x1cc ./Core/Src/i2c.o
 .debug_macro   0x00000000000176c0      0x381 ./Core/Src/lcd_i2c.o
 .debug_macro   0x0000000000017a41      0x3d5 ./Core/Src/main.o
 .debug_macro   0x0000000000017e16       0x16 ./Core/Src/main.o
 .debug_macro   0x0000000000017e2c       0x28 ./Core/Src/main.o
 .debug_macro   0x0000000000017e54       0x6c ./Core/Src/scheduler.o
 .debug_macro   0x0000000000017ec0      0x1c5 ./Core/Src/software_timer.o
 .debug_macro   0x0000000000018085      0x1bc ./Core/Src/stm32f1xx_hal_msp.o
 .debug_macro   0x0000000000018241      0x1c6 ./Core/Src/stm32f1xx_it.o
 .debug_macro   0x0000000000018407       0xff ./Core/Src/sysmem.o
 .debug_macro   0x0000000000018506      0x23b ./Core/Src/sysmem.o
 .debug_macro   0x0000000000018741      0x1ad ./Core/Src/system_stm32f1xx.o
 .debug_macro   0x00000000000188ee      0x3b0 ./Core/Src/task.o
 .debug_macro   0x0000000000018c9e       0x40 ./Core/Src/task.o
 .debug_macro   0x0000000000018cde      0x1d8 ./Core/Src/traffic_light.o
 .debug_macro   0x0000000000018eb6      0x1d1 ./Drivers/STM32F1xx_HAL_Driver/Src/stm32f1xx_hal.o
 .debug_macro   0x0000000000019087      0x1ad ./Drivers/STM32F1xx_HAL_Driver/Src/stm32f1xx_hal_cortex.o
 .debug_macro   0x0000000000019234      0x218 ./Drivers/STM32F1xx_HAL_Driver/Src/stm32f1xx_hal_gpio.o
 .debug_macro   0x000000000001944c      0x1fb ./Drivers/STM32F1xx_HAL_Driver/Src/stm32f1xx_hal_i2c.o
 .debug_macro   0x0000000000019647      0x1bf ./Drivers/STM32F1xx_HAL_Driver/Src/stm32f1xx_hal_rcc.o
 .debug_macro   0x0000000000019806      0x1ae ./Drivers/STM32F1xx_HAL_Driver/Src/stm32f1xx_hal_tim.o
 .debug_macro   0x00000000000199b4      0x1ad ./Drivers/STM32F1xx_HAL_Driver/Src/stm32f1xx_hal_tim_ex.o
 .debug_macro   0x0000000000019b61      0x1ae ./Drivers/STM32F1xx_HAL_Driver/Src/stm32f1xx_hal_uart.o

.debug_line     0x0000000000000000    0x160de
 .debug_line    0x0000000000000000      0x7cc ./Core/Src/button.o
 .debug_line    0x00000000000007cc      0xa11 ./Core/Src/fsm_automatic.o
 .debug_line    0x00000000000011dd      0xa90 ./Core/Src/fsm_handle.o
 .debug_line    0x0000000000001c6d      0xb10 ./Core/Src/fsm_manual.o
 .debug_line    0x000000000000277d      0x670 ./Core/Src/global.o
 .debug_line    0x0000000000002ded      0x81c ./Core/Src/i2c.o
 .debug_line    0x0000000000003609      0xaf1 ./Core/Src/lcd_i2c.o
 .debug_line    0x00000000000040fa      0xb64 ./Core/Src/main.o
 .debug_line    0x0000000000004c5e      0x4fc ./Core/Src/scheduler.o
 .debug_line    0x000000000000515a      0x710 ./Core/Src/software_timer.o
 .debug_line    0x000000000000586a      0x758 ./Core/Src/stm32f1xx_hal_msp.o
 .debug_line    0x0000000000005fc2      0x77a ./Core/Src/stm32f1xx_it.o
 .debug_line    0x000000000000673c      0x4e9 ./Core/Src/sysmem.o
 .debug_line    0x0000000000006c25      0x706 ./Core/Src/system_stm32f1xx.o
 .debug_line    0x000000000000732b      0x9ac ./Core/Src/task.o
 .debug_line    0x0000000000007cd7      0x7df ./Core/Src/traffic_light.o
 .debug_line    0x00000000000084b6       0x86 ./Core/Startup/startup_stm32f103rbtx.o
 .debug_line    0x000000000000853c      0x95b ./Drivers/STM32F1xx_HAL_Driver/Src/stm32f1xx_hal.o
 .debug_line    0x0000000000008e97      0xb43 ./Drivers/STM32F1xx_HAL_Driver/Src/stm32f1xx_hal_cortex.o
 .debug_line    0x00000000000099da      0x9f4 ./Drivers/STM32F1xx_HAL_Driver/Src/stm32f1xx_hal_gpio.o
 .debug_line    0x000000000000a3ce     0x3af1 ./Drivers/STM32F1xx_HAL_Driver/Src/stm32f1xx_hal_i2c.o
 .debug_line    0x000000000000debf      0xd67 ./Drivers/STM32F1xx_HAL_Driver/Src/stm32f1xx_hal_rcc.o
 .debug_line    0x000000000000ec26     0x33f5 ./Drivers/STM32F1xx_HAL_Driver/Src/stm32f1xx_hal_tim.o
 .debug_line    0x000000000001201b     0x18a1 ./Drivers/STM32F1xx_HAL_Driver/Src/stm32f1xx_hal_tim_ex.o
 .debug_line    0x00000000000138bc     0x2822 ./Drivers/STM32F1xx_HAL_Driver/Src/stm32f1xx_hal_uart.o

.debug_str      0x0000000000000000    0x8dd91
 .debug_str     0x0000000000000000    0x850bb ./Core/Src/button.o
                                      0x8541f (size before relaxing)
 .debug_str     0x00000000000850bb     0x42b1 ./Core/Src/fsm_automatic.o
                                      0x89653 (size before relaxing)
 .debug_str     0x000000000008936c       0xbe ./Core/Src/fsm_handle.o
                                      0x896ba (size before relaxing)
 .debug_str     0x000000000008942a       0xce ./Core/Src/fsm_manual.o
                                      0x896d3 (size before relaxing)
 .debug_str     0x00000000000894f8       0x40 ./Core/Src/global.o
                                      0x8537d (size before relaxing)
 .debug_str     0x0000000000089538       0xe4 ./Core/Src/i2c.o
                                      0x853c7 (size before relaxing)
 .debug_str     0x000000000008961c      0x13c ./Core/Src/lcd_i2c.o
                                      0x89534 (size before relaxing)
 .debug_str     0x0000000000089758      0xd7a ./Core/Src/main.o
                                      0x8a5b6 (size before relaxing)
 .debug_str     0x000000000008a4d2       0xbb ./Core/Src/scheduler.o
                                       0x3da8 (size before relaxing)
 .debug_str     0x000000000008a58d       0x2f ./Core/Src/software_timer.o
                                      0x852e7 (size before relaxing)
 .debug_str     0x000000000008a5bc       0xe1 ./Core/Src/stm32f1xx_hal_msp.o
                                      0x85fe6 (size before relaxing)
 .debug_str     0x000000000008a69d       0xe2 ./Core/Src/stm32f1xx_it.o
                                      0x85821 (size before relaxing)
 .debug_str     0x000000000008a77f      0x4e9 ./Core/Src/sysmem.o
                                       0x624d (size before relaxing)
 .debug_str     0x000000000008ac68       0x52 ./Core/Src/system_stm32f1xx.o
                                      0x8502b (size before relaxing)
 .debug_str     0x000000000008acba       0x4f ./Core/Src/task.o
                                      0x8969f (size before relaxing)
 .debug_str     0x000000000008ad09       0x81 ./Core/Src/traffic_light.o
                                      0x853cf (size before relaxing)
 .debug_str     0x000000000008ad8a       0x36 ./Core/Startup/startup_stm32f103rbtx.o
                                         0x61 (size before relaxing)
 .debug_str     0x000000000008adc0      0x304 ./Drivers/STM32F1xx_HAL_Driver/Src/stm32f1xx_hal.o
                                      0x856d7 (size before relaxing)
 .debug_str     0x000000000008b0c4      0x300 ./Drivers/STM32F1xx_HAL_Driver/Src/stm32f1xx_hal_cortex.o
                                      0x856df (size before relaxing)
 .debug_str     0x000000000008b3c4      0x31f ./Drivers/STM32F1xx_HAL_Driver/Src/stm32f1xx_hal_gpio.o
                                      0x8540a (size before relaxing)
 .debug_str     0x000000000008b6e3      0xb9a ./Drivers/STM32F1xx_HAL_Driver/Src/stm32f1xx_hal_i2c.o
                                      0x860d5 (size before relaxing)
 .debug_str     0x000000000008c27d      0x244 ./Drivers/STM32F1xx_HAL_Driver/Src/stm32f1xx_hal_rcc.o
                                      0x85443 (size before relaxing)
 .debug_str     0x000000000008c4c1      0xdd8 ./Drivers/STM32F1xx_HAL_Driver/Src/stm32f1xx_hal_tim.o
                                      0x8642c (size before relaxing)
 .debug_str     0x000000000008d299      0x4ee ./Drivers/STM32F1xx_HAL_Driver/Src/stm32f1xx_hal_tim_ex.o
                                      0x85bcd (size before relaxing)
 .debug_str     0x000000000008d787      0x60a ./Drivers/STM32F1xx_HAL_Driver/Src/stm32f1xx_hal_uart.o
                                      0x85a9b (size before relaxing)

.comment        0x0000000000000000       0x53
 .comment       0x0000000000000000       0x53 ./Core/Src/button.o
                                         0x54 (size before relaxing)
 .comment       0x0000000000000053       0x54 ./Core/Src/fsm_automatic.o
 .comment       0x0000000000000053       0x54 ./Core/Src/fsm_handle.o
 .comment       0x0000000000000053       0x54 ./Core/Src/fsm_manual.o
 .comment       0x0000000000000053       0x54 ./Core/Src/global.o
 .comment       0x0000000000000053       0x54 ./Core/Src/i2c.o
 .comment       0x0000000000000053       0x54 ./Core/Src/lcd_i2c.o
 .comment       0x0000000000000053       0x54 ./Core/Src/main.o
 .comment       0x0000000000000053       0x54 ./Core/Src/scheduler.o
 .comment       0x0000000000000053       0x54 ./Core/Src/software_timer.o
 .comment       0x0000000000000053       0x54 ./Core/Src/stm32f1xx_hal_msp.o
 .comment       0x0000000000000053       0x54 ./Core/Src/stm32f1xx_it.o
 .comment       0x0000000000000053       0x54 ./Core/Src/sysmem.o
 .comment       0x0000000000000053       0x54 ./Core/Src/system_stm32f1xx.o
 .comment       0x0000000000000053       0x54 ./Core/Src/task.o
 .comment       0x0000000000000053       0x54 ./Core/Src/traffic_light.o
 .comment       0x0000000000000053       0x54 ./Drivers/STM32F1xx_HAL_Driver/Src/stm32f1xx_hal.o
 .comment       0x0000000000000053       0x54 ./Drivers/STM32F1xx_HAL_Driver/Src/stm32f1xx_hal_cortex.o
 .comment       0x0000000000000053       0x54 ./Drivers/STM32F1xx_HAL_Driver/Src/stm32f1xx_hal_gpio.o
 .comment       0x0000000000000053       0x54 ./Drivers/STM32F1xx_HAL_Driver/Src/stm32f1xx_hal_i2c.o
 .comment       0x0000000000000053       0x54 ./Drivers/STM32F1xx_HAL_Driver/Src/stm32f1xx_hal_rcc.o
 .comment       0x0000000000000053       0x54 ./Drivers/STM32F1xx_HAL_Driver/Src/stm32f1xx_hal_tim.o
 .comment       0x0000000000000053       0x54 ./Drivers/STM32F1xx_HAL_Driver/Src/stm32f1xx_hal_tim_ex.o
 .comment       0x0000000000000053       0x54 ./Drivers/STM32F1xx_HAL_Driver/Src/stm32f1xx_hal_uart.o

.debug_frame    0x0000000000000000     0x4938
 .debug_frame   0x0000000000000000       0xa8 ./Core/Src/button.o
 .debug_frame   0x00000000000000a8       0x54 ./Core/Src/fsm_automatic.o
 .debug_frame   0x00000000000000fc       0x6c ./Core/Src/fsm_handle.o
 .debug_frame   0x0000000000000168       0xf4 ./Core/Src/fsm_manual.o
 .debug_frame   0x000000000000025c      0x148 ./Core/Src/i2c.o
 .debug_frame   0x00000000000003a4      0x1f8 ./Core/Src/lcd_i2c.o
 .debug_frame   0x000000000000059c      0x134 ./Core/Src/main.o
 .debug_frame   0x00000000000006d0       0xf8 ./Core/Src/scheduler.o
 .debug_frame   0x00000000000007c8       0x58 ./Core/Src/software_timer.o
 .debug_frame   0x0000000000000820      0x110 ./Core/Src/stm32f1xx_hal_msp.o
 .debug_frame   0x0000000000000930      0x13c ./Core/Src/stm32f1xx_it.o
 .debug_frame   0x0000000000000a6c       0x34 ./Core/Src/sysmem.o
 .debug_frame   0x0000000000000aa0       0x58 ./Core/Src/system_stm32f1xx.o
 .debug_frame   0x0000000000000af8       0x88 ./Core/Src/task.o
 .debug_frame   0x0000000000000b80       0xc4 ./Core/Src/traffic_light.o
 .debug_frame   0x0000000000000c44      0x334 ./Drivers/STM32F1xx_HAL_Driver/Src/stm32f1xx_hal.o
 .debug_frame   0x0000000000000f78      0x428 ./Drivers/STM32F1xx_HAL_Driver/Src/stm32f1xx_hal_cortex.o
 .debug_frame   0x00000000000013a0      0x14c ./Drivers/STM32F1xx_HAL_Driver/Src/stm32f1xx_hal_gpio.o
 .debug_frame   0x00000000000014ec      0xc84 ./Drivers/STM32F1xx_HAL_Driver/Src/stm32f1xx_hal_i2c.o
 .debug_frame   0x0000000000002170      0x218 ./Drivers/STM32F1xx_HAL_Driver/Src/stm32f1xx_hal_rcc.o
 .debug_frame   0x0000000000002388     0x11b8 ./Drivers/STM32F1xx_HAL_Driver/Src/stm32f1xx_hal_tim.o
 .debug_frame   0x0000000000003540      0x638 ./Drivers/STM32F1xx_HAL_Driver/Src/stm32f1xx_hal_tim_ex.o
 .debug_frame   0x0000000000003b78      0x944 ./Drivers/STM32F1xx_HAL_Driver/Src/stm32f1xx_hal_uart.o
 .debug_frame   0x00000000000044bc       0x20 d:/vxl/stm32/stm32cubeide_1.7.0/stm32cubeide/plugins/com.st.stm32cube.ide.mcu.externaltools.gnu-tools-for-stm32.9-2020-q2-update.win32_2.0.0.202105311346/tools/bin/../lib/gcc/arm-none-eabi/9.3.1/../../../../arm-none-eabi/lib/thumb/v7-m/nofp\libc_nano.a(lib_a-errno.o)
 .debug_frame   0x00000000000044dc       0x2c d:/vxl/stm32/stm32cubeide_1.7.0/stm32cubeide/plugins/com.st.stm32cube.ide.mcu.externaltools.gnu-tools-for-stm32.9-2020-q2-update.win32_2.0.0.202105311346/tools/bin/../lib/gcc/arm-none-eabi/9.3.1/../../../../arm-none-eabi/lib/thumb/v7-m/nofp\libc_nano.a(lib_a-init.o)
 .debug_frame   0x0000000000004508       0x20 d:/vxl/stm32/stm32cubeide_1.7.0/stm32cubeide/plugins/com.st.stm32cube.ide.mcu.externaltools.gnu-tools-for-stm32.9-2020-q2-update.win32_2.0.0.202105311346/tools/bin/../lib/gcc/arm-none-eabi/9.3.1/../../../../arm-none-eabi/lib/thumb/v7-m/nofp\libc_nano.a(lib_a-memset.o)
 .debug_frame   0x0000000000004528       0x7c d:/vxl/stm32/stm32cubeide_1.7.0/stm32cubeide/plugins/com.st.stm32cube.ide.mcu.externaltools.gnu-tools-for-stm32.9-2020-q2-update.win32_2.0.0.202105311346/tools/bin/../lib/gcc/arm-none-eabi/9.3.1/../../../../arm-none-eabi/lib/thumb/v7-m/nofp\libc_nano.a(lib_a-snprintf.o)
 .debug_frame   0x00000000000045a4       0x90 d:/vxl/stm32/stm32cubeide_1.7.0/stm32cubeide/plugins/com.st.stm32cube.ide.mcu.externaltools.gnu-tools-for-stm32.9-2020-q2-update.win32_2.0.0.202105311346/tools/bin/../lib/gcc/arm-none-eabi/9.3.1/../../../../arm-none-eabi/lib/thumb/v7-m/nofp\libc_nano.a(lib_a-nano-svfprintf.o)
 .debug_frame   0x0000000000004634       0x60 d:/vxl/stm32/stm32cubeide_1.7.0/stm32cubeide/plugins/com.st.stm32cube.ide.mcu.externaltools.gnu-tools-for-stm32.9-2020-q2-update.win32_2.0.0.202105311346/tools/bin/../lib/gcc/arm-none-eabi/9.3.1/../../../../arm-none-eabi/lib/thumb/v7-m/nofp\libc_nano.a(lib_a-nano-vfprintf_i.o)