lcd_i2c.c:13:6:PCD8574_write	16	static
lcd_i2c.c:30:6:ledOFF	8	static
lcd_i2c.c:36:6:ledON	8	static
lcd_i2c.c:42:6:LCD_Enable	16	static,ignoring_inline_asm
lcd_i2c.c:52:6:LCD_Send4Bit	16	static
lcd_i2c.c:61:6:LCD_Send1Byte	16	static
lcd_i2c.c:70:6:lcd_gotoxy	40	static
lcd_i2c.c:76:6:LCD_cursor	16	static
lcd_i2c.c:83:6:lcd_write_string	16	static
lcd_i2c.c:96:6:lcd_write_char	16	static
lcd_i2c.c:106:6:lcd_clear	8	static
lcd_i2c.c:120:6:lcd_init	16	static
lcd_i2c.c:140:6:lcd_center_text	24	static
lcd_i2c.c:150:6:lcd_center_text1	24	static
